Archive member included to satisfy reference by file (symbol)

/opt/devkitpro//libnx/lib/libnx.a(switch_crt0.o)
                              (_start)
/opt/devkitpro//libnx/lib/libnx.a(dynamic.o)
                              /opt/devkitpro//libnx/lib/libnx.a(switch_crt0.o) (__nx_dynamic)
/opt/devkitpro//libnx/lib/libnx.a(init.o)
                              /opt/devkitpro//libnx/lib/libnx.a(switch_crt0.o) (__stack_top)
/opt/devkitpro//libnx/lib/libnx.a(newlib.o)
                              /opt/devkitpro//libnx/lib/libnx.a(init.o) (__libnx_init_time)
/opt/devkitpro//libnx/lib/libnx.a(argv.o)
                              /opt/devkitpro//libnx/lib/libnx.a(init.o) (argvSetup)
/opt/devkitpro//libnx/lib/libnx.a(fs_dev.o)
                              /opt/devkitpro//libnx/lib/libnx.a(init.o) (fsdevMountSdmc)
/opt/devkitpro//libnx/lib/libnx.a(decode_utf8.o)
                              /opt/devkitpro//libnx/lib/libnx.a(fs_dev.o) (decode_utf8)
/opt/devkitpro//libnx/lib/libnx.a(svc.o)
                              /opt/devkitpro//libnx/lib/libnx.a(init.o) (svcSetHeapSize)
/opt/devkitpro//libnx/lib/libnx.a(exception.o)
                              /opt/devkitpro//libnx/lib/libnx.a(switch_crt0.o) (__libnx_exception_entry)
/opt/devkitpro//libnx/lib/libnx.a(readtp.o)
                              /opt/devkitpro//libnx/lib/libnx.a(fs_dev.o) (__aarch64_read_tp)
/opt/devkitpro//libnx/lib/libnx.a(mutex.o)
                              /opt/devkitpro//libnx/lib/libnx.a(newlib.o) (mutexLock)
/opt/devkitpro//libnx/lib/libnx.a(virtmem.o)
                              /opt/devkitpro//libnx/lib/libnx.a(init.o) (virtmemSetup)
/opt/devkitpro//libnx/lib/libnx.a(applet.o)
                              /opt/devkitpro//libnx/lib/libnx.a(init.o) (appletExit)
/opt/devkitpro//libnx/lib/libnx.a(time.o)
                              /opt/devkitpro//libnx/lib/libnx.a(init.o) (timeExit)
/opt/devkitpro//libnx/lib/libnx.a(hid.o)
                              /opt/devkitpro//libnx/lib/libnx.a(init.o) (hidExit)
/opt/devkitpro//libnx/lib/libnx.a(fs.o)
                              /opt/devkitpro//libnx/lib/libnx.a(init.o) (fsInitialize)
/opt/devkitpro//libnx/lib/libnx.a(apm.o)
                              /opt/devkitpro//libnx/lib/libnx.a(applet.o) (apmExit)
/opt/devkitpro//libnx/lib/libnx.a(sm.o)
                              /opt/devkitpro//libnx/lib/libnx.a(init.o) (smExit)
/opt/devkitpro//libnx/lib/libnx.a(fatal.o)
                              /opt/devkitpro//libnx/lib/libnx.a(dynamic.o) (fatalSimple)
/opt/devkitpro//libnx/lib/libnx.a(env.o)
                              /opt/devkitpro//libnx/lib/libnx.a(init.o) (envSetup)
/opt/devkitpro//libnx/lib/libnx.a(nxlink.o)
                              /opt/devkitpro//libnx/lib/libnx.a(argv.o) (nxlinkSetup)
/opt/devkitpro//libnx/lib/libnx.a(detect.o)
                              /opt/devkitpro//libnx/lib/libnx.a(applet.o) (kernelAbove200)
/opt/devkitpro//libnx/lib/libnx.a(tmem.o)
                              /opt/devkitpro//libnx/lib/libnx.a(applet.o) (tmemCreate)
/opt/devkitpro//libnx/lib/libnx.a(wait.o)
                              /opt/devkitpro//libnx/lib/libnx.a(applet.o) (waitObjects)
/opt/devkitpro//libnx/lib/libnx.a(rwlock.o)
                              /opt/devkitpro//libnx/lib/libnx.a(hid.o) (rwlockReadLock)
/opt/devkitpro//libnx/lib/libnx.a(shmem.o)
                              /opt/devkitpro//libnx/lib/libnx.a(hid.o) (shmemLoadRemote)
/opt/devkitpro//libnx/lib/libnx.a(event.o)
                              /opt/devkitpro//libnx/lib/libnx.a(applet.o) (eventLoadRemote)
/opt/devkitpro/devkitA64/lib/gcc/aarch64-none-elf/8.2.0/../../../../aarch64-none-elf/lib/pic/libm.a(lib_a-sf_cos.o)
                              lmathlib.o (cosf)
/opt/devkitpro/devkitA64/lib/gcc/aarch64-none-elf/8.2.0/../../../../aarch64-none-elf/lib/pic/libm.a(lib_a-sf_exp.o)
                              lmathlib.o (expf)
/opt/devkitpro/devkitA64/lib/gcc/aarch64-none-elf/8.2.0/../../../../aarch64-none-elf/lib/pic/libm.a(lib_a-sf_frexp.o)
                              ltable.o (frexpf)
/opt/devkitpro/devkitA64/lib/gcc/aarch64-none-elf/8.2.0/../../../../aarch64-none-elf/lib/pic/libm.a(lib_a-sf_log2.o)
                              lmathlib.o (log2f)
/opt/devkitpro/devkitA64/lib/gcc/aarch64-none-elf/8.2.0/../../../../aarch64-none-elf/lib/pic/libm.a(lib_a-sf_log.o)
                              lmathlib.o (logf)
/opt/devkitpro/devkitA64/lib/gcc/aarch64-none-elf/8.2.0/../../../../aarch64-none-elf/lib/pic/libm.a(lib_a-sf_pow.o)
                              lvm.o (powf)
/opt/devkitpro/devkitA64/lib/gcc/aarch64-none-elf/8.2.0/../../../../aarch64-none-elf/lib/pic/libm.a(lib_a-sf_sin.o)
                              lmathlib.o (sinf)
/opt/devkitpro/devkitA64/lib/gcc/aarch64-none-elf/8.2.0/../../../../aarch64-none-elf/lib/pic/libm.a(lib_a-sf_tan.o)
                              lmathlib.o (tanf)
/opt/devkitpro/devkitA64/lib/gcc/aarch64-none-elf/8.2.0/../../../../aarch64-none-elf/lib/pic/libm.a(lib_a-wf_acos.o)
[...]
Memory Configuration

Name             Origin             Length             Attributes
*default*        0x0000000000000000 0xffffffffffffffff

Linker script and memory map

                0x0000000000000000                PROVIDE (__start__ = 0x0)
                0x0000000000000000                . = __start__

.crt0           0x0000000000000000      0x150
 *(.crt0)
 .crt0          0x0000000000000000      0x14c /opt/devkitpro//libnx/lib/libnx.a(switch_crt0.o)
                0x0000000000000000                _start
                0x0000000000000120                __nx_exit
                0x0000000000000130                __nx_mod0
                0x0000000000000150                . = ALIGN (0x8)
 *fill*         0x000000000000014c        0x4 

.init           0x0000000000000150       0x38
 *(.init)
 .init          0x0000000000000150       0x18 /opt/devkitpro/devkitA64/lib/gcc/aarch64-none-elf/8.2.0/pic/crti.o
                0x0000000000000150                _init
 .init          0x0000000000000168       0x1c /opt/devkitpro/devkitA64/lib/gcc/aarch64-none-elf/8.2.0/pic/crtn.o
                0x0000000000000188                . = ALIGN (0x8)
 *fill*         0x0000000000000184        0x4 

.plt            0x0000000000000188       0x90
 *(.plt)
 .plt           0x0000000000000188       0x90 /opt/devkitpro/devkitA64/lib/gcc/aarch64-none-elf/8.2.0/pic/crti.o
 *(.iplt)
                0x0000000000000218                . = ALIGN (0x8)

.text           0x0000000000000240    0x63b70
 *(.text.unlikely .text.*_unlikely .text.unlikely.*)
 *(.text.exit .text.exit.*)
 .text.exit     0x0000000000000240       0x38 /opt/devkitpro/devkitA64/lib/gcc/aarch64-none-elf/8.2.0/../../../../aarch64-none-elf/lib/pic/libg.a(lib_a-exit.o)
                0x0000000000000240                exit
 *(.text.startup .text.startup.*)
 *fill*         0x0000000000000278        0x8 
 .text.startup  0x0000000000000280      0x174 main.o
                0x0000000000000280                main
 *(.text.hot .text.hot.*)
 *(.text .stub .text.* .gnu.linkonce.t.*)
 *fill*         0x00000000000003f4        0x4 
 .text.deregister_tm_clones
                0x00000000000003f8       0x2c /opt/devkitpro/devkitA64/lib/gcc/aarch64-none-elf/8.2.0/pic/crtbegin.o
 *fill*         0x0000000000000424        0x4 
 .text.register_tm_clones
                0x0000000000000428       0x38 /opt/devkitpro/devkitA64/lib/gcc/aarch64-none-elf/8.2.0/pic/crtbegin.o
 .text.__do_global_dtors_aux
                0x0000000000000460       0x48 /opt/devkitpro/devkitA64/lib/gcc/aarch64-none-elf/8.2.0/pic/crtbegin.o
 .text.frame_dummy
                0x00000000000004a8       0x34 /opt/devkitpro/devkitA64/lib/gcc/aarch64-none-elf/8.2.0/pic/crtbegin.o
 *fill*         0x00000000000004dc        0x4 
 .text          0x00000000000004e0      0x934 main.o
                0x00000000000004e0                _ZN2nn4util14DecompressZlibEPvmPKvmS1_m_intercept
                0x0000000000000570                _ZN2nn2ro10LoadModuleEPNS0_6ModuleEPKvPvmi_intercept
                0x00000000000005f0                ReadFile_intercept
                0x0000000000000670                ReadFile_intercept2
                0x00000000000006e0                _ZN3app10sv_animcmd6ATTACKEP9lua_State_replace
                0x0000000000000c60                __libnx_init
                0x0000000000000cc0                __libnx_exit
                0x0000000000000d10                get_lua_stack
                0x0000000000000d60                SaltySD_function_replace
                0x0000000000000df0                SaltySD_function_replace_sym
 *fill*         0x0000000000000e14        0xc 
 .text          0x0000000000000e20     0x1cd8 liolib.o
                0x00000000000029b0                luaopen_io
 *fill*         0x0000000000002af8        0x8 
 .text          0x0000000000002b00      0x354 lmem.o
                0x0000000000002b70                luaM_shrinkvector_
                0x0000000000002c00                luaM_toobig
                0x0000000000002c20                luaM_free_
                0x0000000000002c60                luaM_realloc_
                0x0000000000002cf0                luaM_growaux_
                0x0000000000002d90                luaM_saferealloc_
                0x0000000000002dd0                luaM_malloc_
 *fill*         0x0000000000002e54        0xc 
 .text          0x0000000000002e60     0x2aa8 lauxlib.o
                0x0000000000003560                luaL_where
                0x0000000000003600                luaL_error
                0x00000000000036c0                luaL_argerror
                0x00000000000038d0                luaL_fileresult
                0x00000000000039c0                luaL_execresult
                0x0000000000003a50                luaL_newmetatable
                0x0000000000003b30                luaL_setmetatable
                0x0000000000003b80                luaL_testudata
                0x0000000000003c50                luaL_checkstack
                0x0000000000003cc0                luaL_traceback
                0x0000000000004030                luaL_checkany
                0x0000000000004080                luaL_pushresult
                0x0000000000004100                luaL_pushresultsize
                0x0000000000004110                luaL_buffinit
                0x0000000000004130                luaL_ref
                0x0000000000004260                luaL_unref
                0x0000000000004300                luaL_loadfilex
                0x00000000000045c0                luaL_loadbufferx
                0x00000000000045f0                luaL_loadstring
                0x0000000000004650                luaL_getmetafield
                0x0000000000004720                luaL_typeerror
                0x0000000000004800                luaL_checkudata
                0x0000000000004860                luaL_checktype
                0x00000000000048d0                luaL_checklstring
                0x0000000000004950                luaL_optlstring
                0x00000000000049e0                luaL_checkoption
                0x0000000000004aa0                luaL_checknumber
                0x0000000000004b10                luaL_optnumber
                0x0000000000004b70                luaL_checkinteger
                0x0000000000004c30                luaL_optinteger
                0x0000000000004c90                luaL_callmeta
                0x0000000000004d10                luaL_len
                0x0000000000004d90                luaL_tolstring
                0x0000000000005050                luaL_setfuncs
                0x00000000000052c0                luaL_prepbuffsize
                0x0000000000005370                luaL_addlstring
                0x0000000000005380                luaL_addstring
                0x00000000000053d0                luaL_addvalue
                0x0000000000005480                luaL_buffinitsize
                0x00000000000054c0                luaL_getsubtable
                0x0000000000005590                luaL_requiref
                0x0000000000005700                luaL_gsub
                0x00000000000057e0                luaL_newstate
                0x0000000000005880                luaL_checkversion_
 *fill*         0x0000000000005908        0x8 
 .text          0x0000000000005910     0x1424 ldebug.o
                0x0000000000005eb0                luaG_getfuncline
                0x0000000000005fb0                lua_sethook
                0x0000000000006020                lua_gethook
                0x0000000000006030                lua_gethookmask
                0x0000000000006040                lua_gethookcount
                0x0000000000006050                lua_getstack
                0x00000000000060a0                luaG_findlocal
                0x00000000000061d0                lua_getlocal
                0x0000000000006260                lua_setlocal
                0x00000000000062b0                lua_getinfo
                0x0000000000006790                luaG_addinfo
                0x0000000000006820                luaG_errormsg
                0x0000000000006890                luaG_runerror
                0x0000000000006970                luaG_typeerror
                0x00000000000069c0                luaG_concaterror
                0x00000000000069f0                luaG_opinterror
                0x0000000000006a10                luaG_forerror
                0x0000000000006a40                luaG_tointerror
                0x0000000000006ab0                luaG_ordererror
                0x0000000000006b30                luaG_traceexec
 *fill*         0x0000000000006d34        0xc 
 .text          0x0000000000006d40     0x15d0 ldo.o
                0x0000000000006d90                luaD_seterrorobj
                0x0000000000006e60                luaD_throw
                0x0000000000007090                luaD_rawrunprotected
                0x0000000000007120                luaD_reallocstack
                0x0000000000007260                luaD_growstack
                0x0000000000007350                luaD_shrinkstack
                0x0000000000007400                luaD_inctop
                0x0000000000007460                luaD_hook
                0x0000000000007580                luaD_hookcall
                0x00000000000075f0                luaD_tryfuncTM
                0x0000000000007680                luaD_poscall
                0x00000000000079d0                luaD_pretailcall
                0x0000000000007b00                luaD_call
                0x0000000000007e00                luaD_callnoyield
                0x0000000000007e90                lua_resume
                0x00000000000080f0                lua_isyieldable
                0x0000000000008100                lua_yieldk
                0x0000000000008190                luaD_pcall
                0x0000000000008230                luaD_protectedparser
 .text          0x0000000000008310     0x12c0 loadlib.o
                0x0000000000009300                luaopen_package
 .text          0x00000000000095d0     0x1028 lmathlib.o
                0x000000000000a4a0                luaopen_math
 *fill*         0x000000000000a5f8        0x8 
 .text          0x000000000000a600      0x818 lstate.o
                0x000000000000a760                luaE_setdebt
                0x000000000000a790                luaE_freeCI
                0x000000000000a870                luaE_enterCcall
                0x000000000000a890                luaE_extendCI
                0x000000000000a9b0                lua_newstate
                0x000000000000ab70                luaE_shrinkCI
                0x000000000000ac00                lua_newthread
                0x000000000000acf0                luaE_freethread
                0x000000000000ad50                lua_resetthread
                0x000000000000adf0                lua_close
                0x000000000000ae00                luaE_warning
 *fill*         0x000000000000ae18        0x8 
 .text          0x000000000000ae20     0x3fa0 lstrlib.o
                0x000000000000eca0                luaopen_string
 .text          0x000000000000edc0      0xcd0 loslib.o
                0x000000000000fa20                luaopen_os
 .text          0x000000000000fa90     0x1874 lbaselib.o
                0x0000000000011250                luaopen_base
 *fill*         0x0000000000011304        0xc 
 .text          0x0000000000011310      0xc48 lutf8lib.o
                0x0000000000011eb0                luaopen_utf8
 *fill*         0x0000000000011f58        0x8 
 .text          0x0000000000011f60     0x357c lparser.o
                0x00000000000152c0                luaY_parser
 *fill*         0x00000000000154dc        0x4 
 .text          0x00000000000154e0     0x16f8 llex.o
                0x0000000000015550                luaX_init
                0x00000000000155e0                luaX_token2str
                0x0000000000015c60                luaX_syntaxerror
                0x0000000000015c70                luaX_newstring
                0x0000000000016ad0                luaX_setinput
                0x0000000000016b50                luaX_next
                0x0000000000016bb0                luaX_lookahead
 *fill*         0x0000000000016bd8        0x8 
 .text          0x0000000000016be0     0x17a0 ldblib.o
                0x0000000000018310                luaopen_debug
 .text          0x0000000000018380      0x128 lzio.o
                0x0000000000018380                luaZ_fill
                0x00000000000183d0                luaZ_init
                0x00000000000183e0                luaZ_read
 *fill*         0x00000000000184a8        0x8 
 .text          0x00000000000184b0     0x115c ltablib.o
                0x00000000000195a0                luaopen_table
 *fill*         0x000000000001960c        0x4 
 .text          0x0000000000019610     0x1304 ltable.o
                0x00000000000198e0                luaH_realasize
                0x0000000000019920                luaH_next
                0x0000000000019af0                luaH_new
                0x0000000000019b30                luaH_free
                0x0000000000019b80                luaH_getint
                0x0000000000019c60                luaH_getshortstr
                0x0000000000019cc0                luaH_getstr
                0x0000000000019d60                luaH_get
                0x0000000000019e70                luaH_setint
                0x0000000000019f00                luaH_resize
                0x000000000001a220                luaH_resizearray
                0x000000000001a240                luaH_newkey
                0x000000000001a680                luaH_set
                0x000000000001a6e0                luaH_getn
 *fill*         0x000000000001a914        0xc 
 .text          0x000000000001a920       0x78 linit.o
                0x000000000001a920                luaL_openlibs
 *fill*         0x000000000001a998        0x8 
 .text          0x000000000001a9a0      0x7d8 ltm.o
                0x000000000001a9a0                luaT_init
                0x000000000001aa20                luaT_gettm
                0x000000000001aa80                luaT_gettmbyobj
                0x000000000001aae0                luaT_objtypename
                0x000000000001ab90                luaT_callTM
                0x000000000001ac00                luaT_callTMres
                0x000000000001ad50                luaT_trybinTM
                0x000000000001ae10                luaT_trybinassocTM
                0x000000000001ae30                luaT_trybiniTM
                0x000000000001ae60                luaT_callorderTM
                0x000000000001aef0                luaT_callorderiTM
                0x000000000001af30                luaT_adjustvarargs
                0x000000000001b050                luaT_getvarargs
 *fill*         0x000000000001b178        0x8 
 .text          0x000000000001b180     0x28e4 lgc.o
                0x000000000001d160                luaC_barrier_
                0x000000000001d1d0                luaC_barrierback_
                0x000000000001d280                luaC_fix
                0x000000000001d2b0                luaC_newobj
                0x000000000001d300                luaC_checkfinalizer
                0x000000000001d450                luaC_changemode
                0x000000000001d4b0                luaC_freeallobjects
                0x000000000001d580                luaC_runtilstate
                0x000000000001d5d0                luaC_step
                0x000000000001d950                luaC_fullgc
 *fill*         0x000000000001da64        0xc 
 .text          0x000000000001da70      0x7f0 lstring.o
                0x000000000001dac0                luaS_eqlngstr
                0x000000000001db20                luaS_hash
                0x000000000001db60                luaS_hashlongstr
                0x000000000001dbc0                luaS_resize
                0x000000000001deb0                luaS_clearcache
                0x000000000001df00                luaS_init
                0x000000000001dfb0                luaS_createlngstrobj
                0x000000000001e000                luaS_remove
                0x000000000001e060                luaS_newlstr
                0x000000000001e0d0                luaS_new
                0x000000000001e1b0                luaS_newudata
 .text          0x000000000001e260     0x4940 lvm.o
                0x000000000001e4b0                luaV_tonumber_
                0x000000000001e570                luaV_flttointeger
                0x000000000001e7f0                luaV_tointegerns
                0x000000000001e830                luaV_tointeger
                0x000000000001e9f0                luaV_finishget
                0x000000000001eb40                luaV_finishset
                0x000000000001ed40                luaV_lessthan
                0x000000000001ed80                luaV_lessequal
                0x000000000001edc0                luaV_equalobj
                0x000000000001f030                luaV_concat
                0x000000000001f2d0                luaV_objlen
                0x000000000001f3e0                luaV_idiv
                0x000000000001f430                luaV_mod
                0x000000000001f480                luaV_modf
                0x000000000001f4f0                luaV_shiftl
                0x000000000001f520                luaV_finishOp
                0x000000000001f660                luaV_execute
 .text          0x0000000000022ba0     0x2940 lcode.o
                0x00000000000236d0                luaK_semerror
                0x00000000000236e0                luaK_nil
                0x00000000000237a0                luaK_concat
                0x0000000000023810                luaK_jump
                0x0000000000023820                luaK_ret
                0x0000000000023850                luaK_getlabel
                0x0000000000023870                luaK_patchlist
                0x0000000000023880                luaK_patchtohere
                0x00000000000238a0                luaK_codeABCk
                0x00000000000238c0                luaK_codeABx
                0x00000000000238d0                luaK_codeAsBx
                0x00000000000238f0                luaK_checkstack
                0x0000000000023930                luaK_reserveregs
                0x0000000000023980                luaK_stringK
                0x00000000000239b0                luaK_int
                0x0000000000023a40                luaK_setreturns
                0x0000000000023aa0                luaK_setoneret
                0x0000000000023b10                luaK_dischargevars
                0x00000000000240a0                luaK_exp2nextreg
                0x0000000000024100                luaK_exp2anyreg
                0x0000000000024540                luaK_exp2anyregup
                0x0000000000024560                luaK_exp2val
                0x0000000000024580                luaK_exp2RK
                0x0000000000024640                luaK_storevar
                0x0000000000024780                luaK_self
                0x0000000000024830                luaK_goiftrue
                0x00000000000248e0                luaK_goiffalse
                0x0000000000024980                luaK_isKint
                0x00000000000249b0                luaK_indexed
                0x0000000000024b10                luaK_prefix
                0x0000000000024cd0                luaK_infix
                0x0000000000024dd0                luaK_posfix
                0x00000000000252b0                luaK_fixline
                0x00000000000252e0                luaK_setlist
                0x00000000000253b0                luaK_finish
 .text          0x00000000000254e0      0xa9c lundump.o
                0x0000000000025d10                luaU_undump
 *fill*         0x0000000000025f7c        0x4 
 .text          0x0000000000025f80      0x730 lcorolib.o
                0x0000000000026640                luaopen_coroutine
 .text          0x00000000000266b0     0x26d8 lapi.o
                0x0000000000026880                index2value
                0x0000000000026930                lua_checkstack
                0x00000000000269e0                lua_xmove
                0x0000000000026a50                lua_atpanic
                0x0000000000026a60                lua_version
                0x0000000000026a70                lua_absindex
                0x0000000000026ab0                lua_gettop
                0x0000000000026ad0                lua_settop
                0x0000000000026b20                lua_rotate
                0x0000000000026c10                lua_copy
                0x0000000000026ca0                lua_pushvalue
                0x0000000000026ce0                lua_type
                0x0000000000026d20                lua_typename
                0x0000000000026d40                lua_iscfunction
                0x0000000000026d70                lua_isinteger
                0x0000000000026d90                lua_isnumber
                0x0000000000026dd0                lua_isstring
                0x0000000000026e00                lua_isuserdata
                0x0000000000026e30                lua_rawequal
                0x0000000000026eb0                lua_arith
                0x0000000000026f10                lua_compare
                0x0000000000026fe0                lua_stringtonumber
                0x0000000000027020                lua_tonumberx
                0x0000000000027080                lua_tointegerx
                0x00000000000270e0                lua_toboolean
                0x0000000000027130                lua_tolstring
                0x00000000000271f0                lua_rawlen
                0x0000000000027260                lua_tocfunction
                0x00000000000272b0                lua_touserdata
                0x0000000000027320                lua_tothread
                0x0000000000027350                lua_topointer
                0x00000000000273e0                lua_pushnil
                0x00000000000273f0                lua_pushnumber
                0x0000000000027410                lua_pushinteger
                0x0000000000027430                lua_pushlstring
                0x00000000000274a0                lua_pushstring
                0x0000000000027510                lua_pushvfstring
                0x0000000000027570                lua_pushfstring
                0x0000000000027620                lua_pushcclosure
                0x0000000000027710                lua_pushboolean
                0x0000000000027740                lua_pushlightuserdata
                0x0000000000027760                lua_pushthread
                0x0000000000027790                lua_getglobal
                0x00000000000277d0                lua_gettable
                0x0000000000027870                lua_getfield
                0x00000000000278a0                lua_geti
                0x0000000000027980                lua_rawget
                0x0000000000027a00                lua_rawgeti
                0x0000000000027a80                lua_rawgetp
                0x0000000000027b10                lua_createtable
                0x0000000000027ba0                lua_getmetatable
                0x0000000000027c20                lua_getiuservalue
                0x0000000000027c90                lua_setglobal
                0x0000000000027cd0                lua_settable
                0x0000000000027da0                lua_setfield
                0x0000000000027dd0                lua_seti
                0x0000000000027ee0                lua_rawset
                0x0000000000027f70                lua_rawseti
                0x0000000000027ff0                lua_rawsetp
                0x0000000000028090                lua_setmetatable
                0x00000000000281e0                lua_setiuservalue
                0x0000000000028280                lua_callk
                0x0000000000028310                lua_pcallk
                0x0000000000028430                lua_load
                0x0000000000028510                lua_dump
                0x0000000000028540                lua_status
                0x0000000000028550                lua_gc
                0x0000000000028820                lua_error
                0x0000000000028830                lua_next
                0x0000000000028890                lua_toclose
                0x0000000000028900                lua_concat
                0x0000000000028990                lua_len
                0x00000000000289d0                lua_getallocf
                0x00000000000289f0                lua_setallocf
                0x0000000000028a00                lua_setwarnf
                0x0000000000028a10                lua_warning
                0x0000000000028a20                lua_newuserdatauv
                0x0000000000028a90                lua_getupvalue
                0x0000000000028b80                lua_setupvalue
                0x0000000000028ca0                lua_upvalueid
                0x0000000000028d10                lua_upvaluejoin
 *fill*         0x0000000000028d88        0x8 
 .text          0x0000000000028d90      0x6e8 lfunc.o
                0x0000000000028ed0                luaF_newCclosure
                0x0000000000028f10                luaF_newLclosure
                0x0000000000028f80                luaF_initupvals
                0x0000000000029020                luaF_findupval
                0x0000000000029090                luaF_newtbcupval
                0x0000000000029120                luaF_unlinkupval
                0x0000000000029140                luaF_close
                0x0000000000029320                luaF_newproto
                0x0000000000029360                luaF_freeproto
                0x0000000000029410                luaF_getlocalname
 *fill*         0x0000000000029478        0x8 
 .text          0x0000000000029480     0x10f4 lobject.o
                0x0000000000029710                luaO_int2fb
                0x0000000000029790                luaO_fb2int
                0x00000000000297b0                luaO_ceillog2
                0x00000000000297f0                luaO_rawarith
                0x00000000000299c0                luaO_arith
                0x0000000000029a30                luaO_hexavalue
                0x0000000000029a60                luaO_str2num
                0x0000000000029d30                luaO_utf8esc
                0x0000000000029d50                luaO_tostring
                0x0000000000029e60                luaO_pushfstring
                0x0000000000029ee0                luaO_pushvfstring
                0x000000000002a390                luaO_chunkid
 *fill*         0x000000000002a574        0xc 
 .text          0x000000000002a580      0x7d0 ldump.o
                0x000000000002ab90                luaU_dump
 .text.__nx_dynamic
                0x000000000002ad50       0xa0 /opt/devkitpro//libnx/lib/libnx.a(dynamic.o)
                0x000000000002ad50                __nx_dynamic
 .text.__libnx_initheap
                0x000000000002adf0       0xd8 /opt/devkitpro//libnx/lib/libnx.a(init.o)
                0x000000000002adf0                __libnx_initheap
 *fill*         0x000000000002aec8        0x8 
 .text.__appInit
                0x000000000002aed0       0xa0 /opt/devkitpro//libnx/lib/libnx.a(init.o)
                0x000000000002aed0                __appInit
 .text.__appExit
                0x000000000002af70       0x44 /opt/devkitpro//libnx/lib/libnx.a(init.o)
                0x000000000002af70                __appExit
 *fill*         0x000000000002afb4        0xc 
 .text.mutexInit
                0x000000000002afc0        0x8 /opt/devkitpro//libnx/lib/libnx.a(newlib.o)
 *fill*         0x000000000002afc8        0x8 
 .text.rmutexInit
                0x000000000002afd0        0xc /opt/devkitpro//libnx/lib/libnx.a(newlib.o)
 *fill*         0x000000000002afdc        0x4 
 .text.__libnx_gtod
                0x000000000002afe0       0x8c /opt/devkitpro//libnx/lib/libnx.a(newlib.o)
                0x000000000002afe0                __libnx_gtod
 *fill*         0x000000000002b06c        0x4 
 .text.__libnx_clock_settime
                0x000000000002b070       0x20 /opt/devkitpro//libnx/lib/libnx.a(newlib.o)
                0x000000000002b070                __libnx_clock_settime
 .text.__libnx_nanosleep
                0x000000000002b090       0x28 /opt/devkitpro//libnx/lib/libnx.a(newlib.o)
                0x000000000002b090                __libnx_nanosleep
 *fill*         0x000000000002b0b8        0x8 
 .text.__libnx_get_reent
                0x000000000002b0c0       0x34 /opt/devkitpro//libnx/lib/libnx.a(newlib.o)
 *fill*         0x000000000002b0f4        0xc 
 .text.__libnx_clock_gettime
                0x000000000002b100       0xf8 /opt/devkitpro//libnx/lib/libnx.a(newlib.o)
                0x000000000002b100                __libnx_clock_gettime
 *fill*         0x000000000002b1f8        0x8 
 .text.__libnx_clock_getres
                0x000000000002b200       0x58 /opt/devkitpro//libnx/lib/libnx.a(newlib.o)
                0x000000000002b200                __libnx_clock_getres
 *fill*         0x000000000002b258        0x8 
 .text.__libnx_init_time
                0x000000000002b260      0x27c /opt/devkitpro//libnx/lib/libnx.a(newlib.o)
                0x000000000002b260                __libnx_init_time
 *fill*         0x000000000002b4dc        0x4 
 .text.newlibSetup
                0x000000000002b4e0      0x118 /opt/devkitpro//libnx/lib/libnx.a(newlib.o)
                0x000000000002b4e0                newlibSetup
 *fill*         0x000000000002b5f8        0x8 
 .text.argvSetup
                0x000000000002b600      0x368 /opt/devkitpro//libnx/lib/libnx.a(argv.o)
                0x000000000002b600                argvSetup
 *fill*         0x000000000002b968        0x8 
 .text.fsdev_link
                0x000000000002b970       0x10 /opt/devkitpro//libnx/lib/libnx.a(fs_dev.o)
 .text.fsdev_dirreset
                0x000000000002b980       0x10 /opt/devkitpro//libnx/lib/libnx.a(fs_dev.o)
 .text.fsdev_chmod
                0x000000000002b990       0x10 /opt/devkitpro//libnx/lib/libnx.a(fs_dev.o)
 .text.error_cmp
                0x000000000002b9a0       0x1c /opt/devkitpro//libnx/lib/libnx.a(fs_dev.o)
 *fill*         0x000000000002b9bc        0x4 
 .text.fsdev_translate_error
                0x000000000002b9c0       0x58 /opt/devkitpro//libnx/lib/libnx.a(fs_dev.o)
 *fill*         0x000000000002ba18        0x8 
 .text.fsdev_fsync
                0x000000000002ba20       0x40 /opt/devkitpro//libnx/lib/libnx.a(fs_dev.o)
 .text.fsdev_ftruncate
                0x000000000002ba60       0x60 /opt/devkitpro//libnx/lib/libnx.a(fs_dev.o)
 .text.fsdev_dirclose
                0x000000000002bac0       0x20 /opt/devkitpro//libnx/lib/libnx.a(fs_dev.o)
 .text.fsdev_dirnext
                0x000000000002bae0      0x16c /opt/devkitpro//libnx/lib/libnx.a(fs_dev.o)
 *fill*         0x000000000002bc4c        0x4 
 .text.fsdev_close
                0x000000000002bc50       0x1c /opt/devkitpro//libnx/lib/libnx.a(fs_dev.o)
 *fill*         0x000000000002bc6c        0x4 
 .text.fsdev_fstat
                0x000000000002bc70       0xa4 /opt/devkitpro//libnx/lib/libnx.a(fs_dev.o)
 *fill*         0x000000000002bd14        0xc 
 .text.fsdev_seek
                0x000000000002bd20       0xb0 /opt/devkitpro//libnx/lib/libnx.a(fs_dev.o)
 .text.fsdev_read
                0x000000000002bdd0      0x198 /opt/devkitpro//libnx/lib/libnx.a(fs_dev.o)
 *fill*         0x000000000002bf68        0x8 
 .text.fsdev_write
                0x000000000002bf70      0x1a0 /opt/devkitpro//libnx/lib/libnx.a(fs_dev.o)
 .text.fsdevFindDevice
                0x000000000002c110      0x120 /opt/devkitpro//libnx/lib/libnx.a(fs_dev.o)
 .text._fsdevMountDevice
                0x000000000002c230      0x168 /opt/devkitpro//libnx/lib/libnx.a(fs_dev.o)
 *fill*         0x000000000002c398        0x8 
 .text.fsdev_getfspath
                0x000000000002c3a0      0x1fc /opt/devkitpro//libnx/lib/libnx.a(fs_dev.o)
 *fill*         0x000000000002c59c        0x4 
 .text.fsdev_rmdir
                0x000000000002c5a0       0x70 /opt/devkitpro//libnx/lib/libnx.a(fs_dev.o)
 .text.fsdev_statvfs
                0x000000000002c610       0xd4 /opt/devkitpro//libnx/lib/libnx.a(fs_dev.o)
 *fill*         0x000000000002c6e4        0xc 
 .text.fsdev_diropen
                0x000000000002c6f0       0xec /opt/devkitpro//libnx/lib/libnx.a(fs_dev.o)
 *fill*         0x000000000002c7dc        0x4 
 .text.fsdev_mkdir
                0x000000000002c7e0       0x70 /opt/devkitpro//libnx/lib/libnx.a(fs_dev.o)
 .text.fsdev_rename
                0x000000000002c850      0x114 /opt/devkitpro//libnx/lib/libnx.a(fs_dev.o)
 *fill*         0x000000000002c964        0xc 
 .text.fsdev_chdir
                0x000000000002c970       0xe8 /opt/devkitpro//libnx/lib/libnx.a(fs_dev.o)
 *fill*         0x000000000002ca58        0x8 
 .text.fsdev_unlink
                0x000000000002ca60       0x70 /opt/devkitpro//libnx/lib/libnx.a(fs_dev.o)
 .text.fsdev_stat
                0x000000000002cad0      0x1bc /opt/devkitpro//libnx/lib/libnx.a(fs_dev.o)
 *fill*         0x000000000002cc8c        0x4 
 .text.fsdev_open
                0x000000000002cc90      0x19c /opt/devkitpro//libnx/lib/libnx.a(fs_dev.o)
 *fill*         0x000000000002ce2c        0x4 
 .text._fsdevUnmountDeviceStruct.part.4
                0x000000000002ce30       0xb8 /opt/devkitpro//libnx/lib/libnx.a(fs_dev.o)
 *fill*         0x000000000002cee8        0x8 
 .text.fsdev_fchmod
                0x000000000002cef0       0x10 /opt/devkitpro//libnx/lib/libnx.a(fs_dev.o)
 .text.fsdevMountDevice
                0x000000000002cf00       0x14 /opt/devkitpro//libnx/lib/libnx.a(fs_dev.o)
                0x000000000002cf00                fsdevMountDevice
 *fill*         0x000000000002cf14        0xc 
 .text.fsdevUnmountDevice
                0x000000000002cf20       0x3c /opt/devkitpro//libnx/lib/libnx.a(fs_dev.o)
                0x000000000002cf20                fsdevUnmountDevice
 *fill*         0x000000000002cf5c        0x4 
 .text.fsdevCommitDevice
                0x000000000002cf60       0x28 /opt/devkitpro//libnx/lib/libnx.a(fs_dev.o)
                0x000000000002cf60                fsdevCommitDevice
 *fill*         0x000000000002cf88        0x8 
 .text.fsdevSetArchiveBit
                0x000000000002cf90       0x68 /opt/devkitpro//libnx/lib/libnx.a(fs_dev.o)
                0x000000000002cf90                fsdevSetArchiveBit
 *fill*         0x000000000002cff8        0x8 
 .text.fsdevMountSdmc
                0x000000000002d000      0x158 /opt/devkitpro//libnx/lib/libnx.a(fs_dev.o)
                0x000000000002d000                fsdevMountSdmc
 *fill*         0x000000000002d158        0x8 
 .text.fsdevUnmountAll
                0x000000000002d160       0x64 /opt/devkitpro//libnx/lib/libnx.a(fs_dev.o)
                0x000000000002d160                fsdevUnmountAll
 *fill*         0x000000000002d1c4        0xc 
 .text.fsdevGetDeviceFileSystem
                0x000000000002d1d0       0x20 /opt/devkitpro//libnx/lib/libnx.a(fs_dev.o)
                0x000000000002d1d0                fsdevGetDeviceFileSystem
 .text.fsdevGetDefaultFileSystem
                0x000000000002d1f0       0x40 /opt/devkitpro//libnx/lib/libnx.a(fs_dev.o)
                0x000000000002d1f0                fsdevGetDefaultFileSystem
 .text.fsdev_getmtime
                0x000000000002d230       0x20 /opt/devkitpro//libnx/lib/libnx.a(fs_dev.o)
                0x000000000002d230                fsdev_getmtime
 .text.decode_utf8
                0x000000000002d250      0x12c /opt/devkitpro//libnx/lib/libnx.a(decode_utf8.o)
                0x000000000002d250                decode_utf8
 .text.svcSetHeapSize
                0x000000000002d37c       0x14 /opt/devkitpro//libnx/lib/libnx.a(svc.o)
                0x000000000002d37c                svcSetHeapSize
 .text.svcSetMemoryPermission
                0x000000000002d390        0x8 /opt/devkitpro//libnx/lib/libnx.a(svc.o)
                0x000000000002d390                svcSetMemoryPermission
 .text.svcSetMemoryAttribute
                0x000000000002d398        0x8 /opt/devkitpro//libnx/lib/libnx.a(svc.o)
                0x000000000002d398                svcSetMemoryAttribute
 .text.svcMapMemory
                0x000000000002d3a0        0x8 /opt/devkitpro//libnx/lib/libnx.a(svc.o)
                0x000000000002d3a0                svcMapMemory
 .text.svcUnmapMemory
                0x000000000002d3a8        0x8 /opt/devkitpro//libnx/lib/libnx.a(svc.o)
                0x000000000002d3a8                svcUnmapMemory
 .text.svcQueryMemory
                0x000000000002d3b0       0x14 /opt/devkitpro//libnx/lib/libnx.a(svc.o)
                0x000000000002d3b0                svcQueryMemory
 .text.svcExitProcess
                0x000000000002d3c4        0x8 /opt/devkitpro//libnx/lib/libnx.a(svc.o)
                0x000000000002d3c4                svcExitProcess
 .text.svcCreateThread
                0x000000000002d3cc       0x14 /opt/devkitpro//libnx/lib/libnx.a(svc.o)
                0x000000000002d3cc                svcCreateThread
 .text.svcStartThread
                0x000000000002d3e0        0x8 /opt/devkitpro//libnx/lib/libnx.a(svc.o)
                0x000000000002d3e0                svcStartThread
 .text.svcExitThread
                0x000000000002d3e8        0x8 /opt/devkitpro//libnx/lib/libnx.a(svc.o)
                0x000000000002d3e8                svcExitThread
 .text.svcSleepThread
                0x000000000002d3f0        0x8 /opt/devkitpro//libnx/lib/libnx.a(svc.o)
                0x000000000002d3f0                svcSleepThread
 .text.svcGetThreadPriority
                0x000000000002d3f8       0x14 /opt/devkitpro//libnx/lib/libnx.a(svc.o)
                0x000000000002d3f8                svcGetThreadPriority
 .text.svcSetThreadPriority
                0x000000000002d40c        0x8 /opt/devkitpro//libnx/lib/libnx.a(svc.o)
                0x000000000002d40c                svcSetThreadPriority
 .text.svcGetThreadCoreMask
                0x000000000002d414       0x18 /opt/devkitpro//libnx/lib/libnx.a(svc.o)
                0x000000000002d414                svcGetThreadCoreMask
 .text.svcSetThreadCoreMask
                0x000000000002d42c        0x8 /opt/devkitpro//libnx/lib/libnx.a(svc.o)
                0x000000000002d42c                svcSetThreadCoreMask
 .text.svcGetCurrentProcessorNumber
                0x000000000002d434        0x8 /opt/devkitpro//libnx/lib/libnx.a(svc.o)
                0x000000000002d434                svcGetCurrentProcessorNumber
 .text.svcSignalEvent
                0x000000000002d43c        0x8 /opt/devkitpro//libnx/lib/libnx.a(svc.o)
                0x000000000002d43c                svcSignalEvent
 .text.svcClearEvent
                0x000000000002d444        0x8 /opt/devkitpro//libnx/lib/libnx.a(svc.o)
                0x000000000002d444                svcClearEvent
 .text.svcMapSharedMemory
                0x000000000002d44c        0x8 /opt/devkitpro//libnx/lib/libnx.a(svc.o)
                0x000000000002d44c                svcMapSharedMemory
 .text.svcUnmapSharedMemory
                0x000000000002d454        0x8 /opt/devkitpro//libnx/lib/libnx.a(svc.o)
                0x000000000002d454                svcUnmapSharedMemory
 .text.svcCreateTransferMemory
                0x000000000002d45c       0x14 /opt/devkitpro//libnx/lib/libnx.a(svc.o)
                0x000000000002d45c                svcCreateTransferMemory
 .text.svcCloseHandle
                0x000000000002d470        0x8 /opt/devkitpro//libnx/lib/libnx.a(svc.o)
                0x000000000002d470                svcCloseHandle
 .text.svcResetSignal
                0x000000000002d478        0x8 /opt/devkitpro//libnx/lib/libnx.a(svc.o)
                0x000000000002d478                svcResetSignal
 .text.svcWaitSynchronization
                0x000000000002d480       0x14 /opt/devkitpro//libnx/lib/libnx.a(svc.o)
                0x000000000002d480                svcWaitSynchronization
 .text.svcCancelSynchronization
                0x000000000002d494        0x8 /opt/devkitpro//libnx/lib/libnx.a(svc.o)
                0x000000000002d494                svcCancelSynchronization
 .text.svcArbitrateLock
                0x000000000002d49c        0x8 /opt/devkitpro//libnx/lib/libnx.a(svc.o)
                0x000000000002d49c                svcArbitrateLock
 .text.svcArbitrateUnlock
                0x000000000002d4a4        0x8 /opt/devkitpro//libnx/lib/libnx.a(svc.o)
                0x000000000002d4a4                svcArbitrateUnlock
 .text.svcWaitProcessWideKeyAtomic
                0x000000000002d4ac        0x8 /opt/devkitpro//libnx/lib/libnx.a(svc.o)
                0x000000000002d4ac                svcWaitProcessWideKeyAtomic
 .text.svcSignalProcessWideKey
                0x000000000002d4b4        0x8 /opt/devkitpro//libnx/lib/libnx.a(svc.o)
                0x000000000002d4b4                svcSignalProcessWideKey
 .text.svcGetSystemTick
                0x000000000002d4bc        0x8 /opt/devkitpro//libnx/lib/libnx.a(svc.o)
                0x000000000002d4bc                svcGetSystemTick
 .text.svcConnectToNamedPort
                0x000000000002d4c4       0x14 /opt/devkitpro//libnx/lib/libnx.a(svc.o)
                0x000000000002d4c4                svcConnectToNamedPort
 .text.svcSendSyncRequest
                0x000000000002d4d8        0x8 /opt/devkitpro//libnx/lib/libnx.a(svc.o)
                0x000000000002d4d8                svcSendSyncRequest
 .text.svcSendSyncRequestWithUserBuffer
                0x000000000002d4e0        0x8 /opt/devkitpro//libnx/lib/libnx.a(svc.o)
                0x000000000002d4e0                svcSendSyncRequestWithUserBuffer
 .text.svcSendAsyncRequestWithUserBuffer
                0x000000000002d4e8       0x14 /opt/devkitpro//libnx/lib/libnx.a(svc.o)
                0x000000000002d4e8                svcSendAsyncRequestWithUserBuffer
 .text.svcGetProcessId
                0x000000000002d4fc       0x14 /opt/devkitpro//libnx/lib/libnx.a(svc.o)
                0x000000000002d4fc                svcGetProcessId
 .text.svcGetThreadId
                0x000000000002d510       0x14 /opt/devkitpro//libnx/lib/libnx.a(svc.o)
                0x000000000002d510                svcGetThreadId
 .text.svcBreak
                0x000000000002d524        0x8 /opt/devkitpro//libnx/lib/libnx.a(svc.o)
                0x000000000002d524                svcBreak
 .text.svcOutputDebugString
                0x000000000002d52c        0x8 /opt/devkitpro//libnx/lib/libnx.a(svc.o)
                0x000000000002d52c                svcOutputDebugString
 .text.svcReturnFromException
                0x000000000002d534        0x8 /opt/devkitpro//libnx/lib/libnx.a(svc.o)
                0x000000000002d534                svcReturnFromException
 .text.svcGetInfo
                0x000000000002d53c       0x14 /opt/devkitpro//libnx/lib/libnx.a(svc.o)
                0x000000000002d53c                svcGetInfo
 .text.svcMapPhysicalMemory
                0x000000000002d550        0x8 /opt/devkitpro//libnx/lib/libnx.a(svc.o)
                0x000000000002d550                svcMapPhysicalMemory
 .text.svcUnmapPhysicalMemory
                0x000000000002d558        0x8 /opt/devkitpro//libnx/lib/libnx.a(svc.o)
                0x000000000002d558                svcUnmapPhysicalMemory
 .text.svcGetResourceLimitLimitValue
                0x000000000002d560       0x14 /opt/devkitpro//libnx/lib/libnx.a(svc.o)
                0x000000000002d560                svcGetResourceLimitLimitValue
 .text.svcGetResourceLimitCurrentValue
                0x000000000002d574       0x14 /opt/devkitpro//libnx/lib/libnx.a(svc.o)
                0x000000000002d574                svcGetResourceLimitCurrentValue
 .text.svcSetThreadActivity
                0x000000000002d588        0x8 /opt/devkitpro//libnx/lib/libnx.a(svc.o)
                0x000000000002d588                svcSetThreadActivity
 .text.svcGetThreadContext3
                0x000000000002d590        0x8 /opt/devkitpro//libnx/lib/libnx.a(svc.o)
                0x000000000002d590                svcGetThreadContext3
 .text.svcCreateSession
                0x000000000002d598       0x18 /opt/devkitpro//libnx/lib/libnx.a(svc.o)
                0x000000000002d598                svcCreateSession
 .text.svcAcceptSession
                0x000000000002d5b0       0x14 /opt/devkitpro//libnx/lib/libnx.a(svc.o)
                0x000000000002d5b0                svcAcceptSession
 .text.svcReplyAndReceive
                0x000000000002d5c4       0x14 /opt/devkitpro//libnx/lib/libnx.a(svc.o)
                0x000000000002d5c4                svcReplyAndReceive
 .text.svcReplyAndReceiveWithUserBuffer
                0x000000000002d5d8       0x14 /opt/devkitpro//libnx/lib/libnx.a(svc.o)
                0x000000000002d5d8                svcReplyAndReceiveWithUserBuffer
 .text.svcCreateEvent
                0x000000000002d5ec       0x18 /opt/devkitpro//libnx/lib/libnx.a(svc.o)
                0x000000000002d5ec                svcCreateEvent
 .text.svcMapPhysicalMemoryUnsafe
                0x000000000002d604        0x8 /opt/devkitpro//libnx/lib/libnx.a(svc.o)
                0x000000000002d604                svcMapPhysicalMemoryUnsafe
 .text.svcUnmapPhysicalMemoryUnsafe
                0x000000000002d60c        0x8 /opt/devkitpro//libnx/lib/libnx.a(svc.o)
                0x000000000002d60c                svcUnmapPhysicalMemoryUnsafe
 .text.svcSetUnsafeLimit
                0x000000000002d614        0x8 /opt/devkitpro//libnx/lib/libnx.a(svc.o)
                0x000000000002d614                svcSetUnsafeLimit
 .text.svcCreateCodeMemory
                0x000000000002d61c       0x14 /opt/devkitpro//libnx/lib/libnx.a(svc.o)
                0x000000000002d61c                svcCreateCodeMemory
 .text.svcControlCodeMemory
                0x000000000002d630        0x8 /opt/devkitpro//libnx/lib/libnx.a(svc.o)
                0x000000000002d630                svcControlCodeMemory
 .text.svcReadWriteRegister
                0x000000000002d638       0x14 /opt/devkitpro//libnx/lib/libnx.a(svc.o)
                0x000000000002d638                svcReadWriteRegister
 .text.svcCreateSharedMemory
                0x000000000002d64c       0x14 /opt/devkitpro//libnx/lib/libnx.a(svc.o)
                0x000000000002d64c                svcCreateSharedMemory
 .text.svcMapTransferMemory
                0x000000000002d660        0x8 /opt/devkitpro//libnx/lib/libnx.a(svc.o)
                0x000000000002d660                svcMapTransferMemory
 .text.svcUnmapTransferMemory
                0x000000000002d668        0x8 /opt/devkitpro//libnx/lib/libnx.a(svc.o)
                0x000000000002d668                svcUnmapTransferMemory
 .text.svcCreateInterruptEvent
                0x000000000002d670       0x14 /opt/devkitpro//libnx/lib/libnx.a(svc.o)
                0x000000000002d670                svcCreateInterruptEvent
 .text.svcQueryPhysicalAddress
                0x000000000002d684       0x18 /opt/devkitpro//libnx/lib/libnx.a(svc.o)
                0x000000000002d684                svcQueryPhysicalAddress
 .text.svcQueryIoMapping
                0x000000000002d69c       0x14 /opt/devkitpro//libnx/lib/libnx.a(svc.o)
                0x000000000002d69c                svcQueryIoMapping
 .text.svcCreateDeviceAddressSpace
                0x000000000002d6b0       0x14 /opt/devkitpro//libnx/lib/libnx.a(svc.o)
                0x000000000002d6b0                svcCreateDeviceAddressSpace
 .text.svcAttachDeviceAddressSpace
                0x000000000002d6c4        0x8 /opt/devkitpro//libnx/lib/libnx.a(svc.o)
                0x000000000002d6c4                svcAttachDeviceAddressSpace
 .text.svcDetachDeviceAddressSpace
                0x000000000002d6cc        0x8 /opt/devkitpro//libnx/lib/libnx.a(svc.o)
                0x000000000002d6cc                svcDetachDeviceAddressSpace
 .text.svcMapDeviceAddressSpaceByForce
                0x000000000002d6d4        0x8 /opt/devkitpro//libnx/lib/libnx.a(svc.o)
                0x000000000002d6d4                svcMapDeviceAddressSpaceByForce
 .text.svcMapDeviceAddressSpaceAligned
                0x000000000002d6dc        0x8 /opt/devkitpro//libnx/lib/libnx.a(svc.o)
                0x000000000002d6dc                svcMapDeviceAddressSpaceAligned
 .text.svcUnmapDeviceAddressSpace
                0x000000000002d6e4        0x8 /opt/devkitpro//libnx/lib/libnx.a(svc.o)
                0x000000000002d6e4                svcUnmapDeviceAddressSpace
 .text.svcDebugActiveProcess
                0x000000000002d6ec       0x14 /opt/devkitpro//libnx/lib/libnx.a(svc.o)
                0x000000000002d6ec                svcDebugActiveProcess
 .text.svcBreakDebugProcess
                0x000000000002d700        0x8 /opt/devkitpro//libnx/lib/libnx.a(svc.o)
                0x000000000002d700                svcBreakDebugProcess
 .text.svcTerminateDebugProcess
                0x000000000002d708        0x8 /opt/devkitpro//libnx/lib/libnx.a(svc.o)
                0x000000000002d708                svcTerminateDebugProcess
 .text.svcGetDebugEvent
                0x000000000002d710        0x8 /opt/devkitpro//libnx/lib/libnx.a(svc.o)
                0x000000000002d710                svcGetDebugEvent
 .text.svcLegacyContinueDebugEvent
                0x000000000002d718        0x8 /opt/devkitpro//libnx/lib/libnx.a(svc.o)
                0x000000000002d718                svcLegacyContinueDebugEvent
 .text.svcContinueDebugEvent
                0x000000000002d720        0x8 /opt/devkitpro//libnx/lib/libnx.a(svc.o)
                0x000000000002d720                svcContinueDebugEvent
 .text.svcGetProcessList
                0x000000000002d728       0x14 /opt/devkitpro//libnx/lib/libnx.a(svc.o)
                0x000000000002d728                svcGetProcessList
 .text.svcGetThreadList
                0x000000000002d73c       0x14 /opt/devkitpro//libnx/lib/libnx.a(svc.o)
                0x000000000002d73c                svcGetThreadList
 .text.svcGetDebugThreadContext
                0x000000000002d750        0x8 /opt/devkitpro//libnx/lib/libnx.a(svc.o)
                0x000000000002d750                svcGetDebugThreadContext
 .text.svcSetDebugThreadContext
                0x000000000002d758        0x8 /opt/devkitpro//libnx/lib/libnx.a(svc.o)
                0x000000000002d758                svcSetDebugThreadContext
 .text.svcQueryDebugProcessMemory
                0x000000000002d760       0x14 /opt/devkitpro//libnx/lib/libnx.a(svc.o)
                0x000000000002d760                svcQueryDebugProcessMemory
 .text.svcReadDebugProcessMemory
                0x000000000002d774        0x8 /opt/devkitpro//libnx/lib/libnx.a(svc.o)
                0x000000000002d774                svcReadDebugProcessMemory
 .text.svcWriteDebugProcessMemory
                0x000000000002d77c        0x8 /opt/devkitpro//libnx/lib/libnx.a(svc.o)
                0x000000000002d77c                svcWriteDebugProcessMemory
 .text.svcGetDebugThreadParam
                0x000000000002d784       0x18 /opt/devkitpro//libnx/lib/libnx.a(svc.o)
                0x000000000002d784                svcGetDebugThreadParam
 .text.svcGetSystemInfo
                0x000000000002d79c       0x14 /opt/devkitpro//libnx/lib/libnx.a(svc.o)
                0x000000000002d79c                svcGetSystemInfo
 .text.svcCreatePort
                0x000000000002d7b0       0x18 /opt/devkitpro//libnx/lib/libnx.a(svc.o)
                0x000000000002d7b0                svcCreatePort
 .text.svcManageNamedPort
                0x000000000002d7c8       0x14 /opt/devkitpro//libnx/lib/libnx.a(svc.o)
                0x000000000002d7c8                svcManageNamedPort
 .text.svcConnectToPort
                0x000000000002d7dc       0x14 /opt/devkitpro//libnx/lib/libnx.a(svc.o)
                0x000000000002d7dc                svcConnectToPort
 .text.svcSetProcessMemoryPermission
                0x000000000002d7f0        0x8 /opt/devkitpro//libnx/lib/libnx.a(svc.o)
                0x000000000002d7f0                svcSetProcessMemoryPermission
 .text.svcMapProcessMemory
                0x000000000002d7f8        0x8 /opt/devkitpro//libnx/lib/libnx.a(svc.o)
                0x000000000002d7f8                svcMapProcessMemory
 .text.svcUnmapProcessMemory
                0x000000000002d800        0x8 /opt/devkitpro//libnx/lib/libnx.a(svc.o)
                0x000000000002d800                svcUnmapProcessMemory
 .text.svcMapProcessCodeMemory
                0x000000000002d808        0x8 /opt/devkitpro//libnx/lib/libnx.a(svc.o)
                0x000000000002d808                svcMapProcessCodeMemory
 .text.svcUnmapProcessCodeMemory
                0x000000000002d810        0x8 /opt/devkitpro//libnx/lib/libnx.a(svc.o)
                0x000000000002d810                svcUnmapProcessCodeMemory
 .text.svcCreateProcess
                0x000000000002d818       0x14 /opt/devkitpro//libnx/lib/libnx.a(svc.o)
                0x000000000002d818                svcCreateProcess
 .text.svcStartProcess
                0x000000000002d82c        0x8 /opt/devkitpro//libnx/lib/libnx.a(svc.o)
                0x000000000002d82c                svcStartProcess
 .text.svcTerminateProcess
                0x000000000002d834        0x8 /opt/devkitpro//libnx/lib/libnx.a(svc.o)
                0x000000000002d834                svcTerminateProcess
 .text.svcGetProcessInfo
                0x000000000002d83c       0x14 /opt/devkitpro//libnx/lib/libnx.a(svc.o)
                0x000000000002d83c                svcGetProcessInfo
 .text.svcCreateResourceLimit
                0x000000000002d850       0x14 /opt/devkitpro//libnx/lib/libnx.a(svc.o)
                0x000000000002d850                svcCreateResourceLimit
 .text.svcSetResourceLimitLimitValue
                0x000000000002d864        0x8 /opt/devkitpro//libnx/lib/libnx.a(svc.o)
                0x000000000002d864                svcSetResourceLimitLimitValue
 .text.svcCallSecureMonitor
                0x000000000002d86c       0x34 /opt/devkitpro//libnx/lib/libnx.a(svc.o)
                0x000000000002d86c                svcCallSecureMonitor
 .text.__libnx_exception_entry
                0x000000000002d8a0      0x1c0 /opt/devkitpro//libnx/lib/libnx.a(exception.o)
                0x000000000002d8a0                __libnx_exception_entry
 .text.__libnx_exception_returnentry
                0x000000000002da60       0x18 /opt/devkitpro//libnx/lib/libnx.a(exception.o)
                0x000000000002da60                __libnx_exception_returnentry
 .text.__aarch64_read_tp
                0x000000000002da78        0xc /opt/devkitpro//libnx/lib/libnx.a(readtp.o)
                0x000000000002da78                __aarch64_read_tp
 *fill*         0x000000000002da84        0xc 
 .text.mutexLock
                0x000000000002da90       0x8c /opt/devkitpro//libnx/lib/libnx.a(mutex.o)
                0x000000000002da90                mutexLock
 *fill*         0x000000000002db1c        0x4 
 .text.mutexTryLock
                0x000000000002db20       0x34 /opt/devkitpro//libnx/lib/libnx.a(mutex.o)
                0x000000000002db20                mutexTryLock
 *fill*         0x000000000002db54        0xc 
 .text.mutexUnlock
                0x000000000002db60       0x30 /opt/devkitpro//libnx/lib/libnx.a(mutex.o)
                0x000000000002db60                mutexUnlock
 .text.rmutexLock
                0x000000000002db90       0x4c /opt/devkitpro//libnx/lib/libnx.a(mutex.o)
                0x000000000002db90                rmutexLock
 *fill*         0x000000000002dbdc        0x4 
 .text.rmutexTryLock
                0x000000000002dbe0       0x5c /opt/devkitpro//libnx/lib/libnx.a(mutex.o)
                0x000000000002dbe0                rmutexTryLock
 *fill*         0x000000000002dc3c        0x4 
 .text.rmutexUnlock
                0x000000000002dc40       0x1c /opt/devkitpro//libnx/lib/libnx.a(mutex.o)
                0x000000000002dc40                rmutexUnlock
 *fill*         0x000000000002dc5c        0x4 
 .text._GetRegionFromInfo.isra.1
                0x000000000002dc60       0x7c /opt/devkitpro//libnx/lib/libnx.a(virtmem.o)
 *fill*         0x000000000002dcdc        0x4 
 .text.virtmemSetup
                0x000000000002dce0      0x114 /opt/devkitpro//libnx/lib/libnx.a(virtmem.o)
                0x000000000002dce0                virtmemSetup
 *fill*         0x000000000002ddf4        0xc 
 .text.virtmemReserve
                0x000000000002de00      0x13c /opt/devkitpro//libnx/lib/libnx.a(virtmem.o)
                0x000000000002de00                virtmemReserve
 *fill*         0x000000000002df3c        0x4 
 .text.virtmemFree
                0x000000000002df40        0x4 /opt/devkitpro//libnx/lib/libnx.a(virtmem.o)
                0x000000000002df40                virtmemFree
 *fill*         0x000000000002df44        0xc 
 .text.virtmemReserveStack
                0x000000000002df50       0xc8 /opt/devkitpro//libnx/lib/libnx.a(virtmem.o)
                0x000000000002df50                virtmemReserveStack
 *fill*         0x000000000002e018        0x8 
 .text.virtmemFreeStack
                0x000000000002e020        0x4 /opt/devkitpro//libnx/lib/libnx.a(virtmem.o)
                0x000000000002e020                virtmemFreeStack
 *fill*         0x000000000002e024        0xc 
 .text.ipcParse
                0x000000000002e030      0x22c /opt/devkitpro//libnx/lib/libnx.a(applet.o)
 *fill*         0x000000000002e25c        0x4 
 .text.ipcCloseObjectById
                0x000000000002e260       0x34 /opt/devkitpro//libnx/lib/libnx.a(applet.o)
 *fill*         0x000000000002e294        0xc 
 .text._appletGetSession
                0x000000000002e2a0      0x1d8 /opt/devkitpro//libnx/lib/libnx.a(applet.o)
 *fill*         0x000000000002e478        0x8 
 .text._appletReceiveMessage
                0x000000000002e480      0x19c /opt/devkitpro//libnx/lib/libnx.a(applet.o)
 *fill*         0x000000000002e61c        0x4 
 .text._appletGetPerformanceMode.constprop.35
                0x000000000002e620      0x18c /opt/devkitpro//libnx/lib/libnx.a(applet.o)
 *fill*         0x000000000002e7ac        0x4 
 .text._appletCmdInU8
                0x000000000002e7b0      0x17c /opt/devkitpro//libnx/lib/libnx.a(applet.o)
 *fill*         0x000000000002e92c        0x4 
 .text._appletSetOperationModeChangedNotification.constprop.37
                0x000000000002e930      0x164 /opt/devkitpro//libnx/lib/libnx.a(applet.o)
 *fill*         0x000000000002ea94        0xc 
 .text._appletSetPerformanceModeChangedNotification.constprop.38
                0x000000000002eaa0      0x164 /opt/devkitpro//libnx/lib/libnx.a(applet.o)
 *fill*         0x000000000002ec04        0xc 
 .text._appletSetOutOfFocusSuspendingEnabled
                0x000000000002ec10      0x16c /opt/devkitpro//libnx/lib/libnx.a(applet.o)
 *fill*         0x000000000002ed7c        0x4 
 .text._appletGetHandle.constprop.33
                0x000000000002ed80      0x178 /opt/devkitpro//libnx/lib/libnx.a(applet.o)
 *fill*         0x000000000002eef8        0x8 
 .text._appletGetEvent.constprop.32
                0x000000000002ef00       0x54 /opt/devkitpro//libnx/lib/libnx.a(applet.o)
 *fill*         0x000000000002ef54        0xc 
 .text._appletWaitLibraryAppletLaunchableEvent
                0x000000000002ef60       0x50 /opt/devkitpro//libnx/lib/libnx.a(applet.o)
 .text._appletSetFocusHandlingMode
                0x000000000002efb0      0x17c /opt/devkitpro//libnx/lib/libnx.a(applet.o)
 *fill*         0x000000000002f12c        0x4 
 .text._appletCmdInHandle64
                0x000000000002f130      0x204 /opt/devkitpro//libnx/lib/libnx.a(applet.o)
 *fill*         0x000000000002f334        0xc 
 .text._appletCmdInSession
                0x000000000002f340      0x1d8 /opt/devkitpro//libnx/lib/libnx.a(applet.o)
 *fill*         0x000000000002f518        0x8 
 .text._appletGetSessionIn64.constprop.30
                0x000000000002f520      0x1c4 /opt/devkitpro//libnx/lib/libnx.a(applet.o)
 *fill*         0x000000000002f6e4        0xc 
 .text._appletStorageGetHandle
                0x000000000002f6f0      0x19c /opt/devkitpro//libnx/lib/libnx.a(applet.o)
 *fill*         0x000000000002f88c        0x4 
 .text._appletGetSessionProxy.constprop.31
                0x000000000002f890      0x1f0 /opt/devkitpro//libnx/lib/libnx.a(applet.o)
 .text._appletCreateLibraryApplet
                0x000000000002fa80      0x1c4 /opt/devkitpro//libnx/lib/libnx.a(applet.o)
 *fill*         0x000000000002fc44        0xc 
 .text._appletCreateTransferMemoryStorage.isra.20
                0x000000000002fc50      0x1e4 /opt/devkitpro//libnx/lib/libnx.a(applet.o)
 *fill*         0x000000000002fe34        0xc 
 .text._appletStorageAccessorRW
                0x000000000002fe40      0x3f8 /opt/devkitpro//libnx/lib/libnx.a(applet.o)
 *fill*         0x0000000000030238        0x8 
 .text.ipcConvertSessionToDomain
                0x0000000000030240       0xc4 /opt/devkitpro//libnx/lib/libnx.a(applet.o)
 *fill*         0x0000000000030304        0xc 
 .text.ipcQueryPointerBufferSize
                0x0000000000030310       0xc8 /opt/devkitpro//libnx/lib/libnx.a(applet.o)
 *fill*         0x00000000000303d8        0x8 
 .text._appletStorageRW
                0x00000000000303e0      0x108 /opt/devkitpro//libnx/lib/libnx.a(applet.o)
 *fill*         0x00000000000304e8        0x8 
 .text.ipcCloneSession.constprop.42
                0x00000000000304f0      0x10c /opt/devkitpro//libnx/lib/libnx.a(applet.o)
 *fill*         0x00000000000305fc        0x4 
 .text._appletCmdNoIO
                0x0000000000030600      0x384 /opt/devkitpro//libnx/lib/libnx.a(applet.o)
 *fill*         0x0000000000030984        0xc 
 .text._appletCmdNoInOut64
                0x0000000000030990      0x394 /opt/devkitpro//libnx/lib/libnx.a(applet.o)
 *fill*         0x0000000000030d24        0xc 
 .text._appletGetCurrentFocusState.constprop.36
                0x0000000000030d30      0x3ac /opt/devkitpro//libnx/lib/libnx.a(applet.o)
 *fill*         0x00000000000310dc        0x4 
 .text._appletGetOperationMode.constprop.34
                0x00000000000310e0      0x3ac /opt/devkitpro//libnx/lib/libnx.a(applet.o)
 *fill*         0x000000000003148c        0x4 
 .text.appletGetAppletType
                0x0000000000031490       0x10 /opt/devkitpro//libnx/lib/libnx.a(applet.o)
                0x0000000000031490                appletGetAppletType
 .text.appletHook
                0x00000000000314a0       0x28 /opt/devkitpro//libnx/lib/libnx.a(applet.o)
                0x00000000000314a0                appletHook
 *fill*         0x00000000000314c8        0x8 
 .text.appletUnhook
                0x00000000000314d0       0x34 /opt/devkitpro//libnx/lib/libnx.a(applet.o)
                0x00000000000314d0                appletUnhook
 *fill*         0x0000000000031504        0xc 
 .text.appletSetThemeColorType
                0x0000000000031510        0xc /opt/devkitpro//libnx/lib/libnx.a(applet.o)
                0x0000000000031510                appletSetThemeColorType
 *fill*         0x000000000003151c        0x4 
 .text.appletGetThemeColorType
                0x0000000000031520        0xc /opt/devkitpro//libnx/lib/libnx.a(applet.o)
                0x0000000000031520                appletGetThemeColorType
 *fill*         0x000000000003152c        0x4 
 .text.appletSetFocusHandlingMode
                0x0000000000031530       0xec /opt/devkitpro//libnx/lib/libnx.a(applet.o)
                0x0000000000031530                appletSetFocusHandlingMode
 *fill*         0x000000000003161c        0x4 
 .text.appletGetAppletResourceUserId
                0x0000000000031620       0x28 /opt/devkitpro//libnx/lib/libnx.a(applet.o)
                0x0000000000031620                appletGetAppletResourceUserId
 *fill*         0x0000000000031648        0x8 
 .text._appletGetIndirectLayerConsumerHandle
                0x0000000000031650      0x190 /opt/devkitpro//libnx/lib/libnx.a(applet.o)
 .text._appletHolderCreate
                0x00000000000317e0       0xbc /opt/devkitpro//libnx/lib/libnx.a(applet.o)
 *fill*         0x000000000003189c        0x4 
 .text.appletPopLaunchParameter
                0x00000000000318a0      0x1d4 /opt/devkitpro//libnx/lib/libnx.a(applet.o)
                0x00000000000318a0                appletPopLaunchParameter
 *fill*         0x0000000000031a74        0xc 
 .text.appletGetDesiredLanguage
                0x0000000000031a80       0x3c /opt/devkitpro//libnx/lib/libnx.a(applet.o)
                0x0000000000031a80                appletGetDesiredLanguage
 *fill*         0x0000000000031abc        0x4 
 .text.appletSetTerminateResult
                0x0000000000031ac0      0x19c /opt/devkitpro//libnx/lib/libnx.a(applet.o)
                0x0000000000031ac0                appletSetTerminateResult
 *fill*         0x0000000000031c5c        0x4 
 .text.appletSetMediaPlaybackState
                0x0000000000031c60       0x4c /opt/devkitpro//libnx/lib/libnx.a(applet.o)
                0x0000000000031c60                appletSetMediaPlaybackState
 *fill*         0x0000000000031cac        0x4 
 .text.appletBeginBlockingHomeButton
                0x0000000000031cb0      0x1a8 /opt/devkitpro//libnx/lib/libnx.a(applet.o)
                0x0000000000031cb0                appletBeginBlockingHomeButton
 *fill*         0x0000000000031e58        0x8 
 .text.appletEndBlockingHomeButton
                0x0000000000031e60       0x38 /opt/devkitpro//libnx/lib/libnx.a(applet.o)
                0x0000000000031e60                appletEndBlockingHomeButton
 *fill*         0x0000000000031e98        0x8 
 .text.appletNotifyRunning
                0x0000000000031ea0      0x1b0 /opt/devkitpro//libnx/lib/libnx.a(applet.o)
                0x0000000000031ea0                appletNotifyRunning
 .text.appletIsGamePlayRecordingSupported
                0x0000000000032050      0x1a0 /opt/devkitpro//libnx/lib/libnx.a(applet.o)
                0x0000000000032050                appletIsGamePlayRecordingSupported
 .text.appletSetGamePlayRecordingState
                0x00000000000321f0      0x1a8 /opt/devkitpro//libnx/lib/libnx.a(applet.o)
                0x00000000000321f0                appletSetGamePlayRecordingState
 *fill*         0x0000000000032398        0x8 
 .text.appletExit
                0x00000000000323a0      0x69c /opt/devkitpro//libnx/lib/libnx.a(applet.o)
                0x00000000000323a0                appletExit
 *fill*         0x0000000000032a3c        0x4 
 .text.appletInitialize
                0x0000000000032a40      0x4f0 /opt/devkitpro//libnx/lib/libnx.a(applet.o)
                0x0000000000032a40                appletInitialize
 .text._appletExitProcess
                0x0000000000032f30       0x10 /opt/devkitpro//libnx/lib/libnx.a(applet.o)
 .text.appletInitializeGamePlayRecording
                0x0000000000032f40      0x10c /opt/devkitpro//libnx/lib/libnx.a(applet.o)
                0x0000000000032f40                appletInitializeGamePlayRecording
 *fill*         0x000000000003304c        0x4 
 .text.appletLockExit
                0x0000000000033050       0x10 /opt/devkitpro//libnx/lib/libnx.a(applet.o)
                0x0000000000033050                appletLockExit
 .text.appletUnlockExit
                0x0000000000033060       0x10 /opt/devkitpro//libnx/lib/libnx.a(applet.o)
                0x0000000000033060                appletUnlockExit
 .text.appletSetScreenShotPermission
                0x0000000000033070      0x16c /opt/devkitpro//libnx/lib/libnx.a(applet.o)
                0x0000000000033070                appletSetScreenShotPermission
 *fill*         0x00000000000331dc        0x4 
 .text.appletSetScreenShotImageOrientation
                0x00000000000331e0      0x18c /opt/devkitpro//libnx/lib/libnx.a(applet.o)
                0x00000000000331e0                appletSetScreenShotImageOrientation
 *fill*         0x000000000003336c        0x4 
 .text.appletCreateManagedDisplayLayer
                0x0000000000033370       0x14 /opt/devkitpro//libnx/lib/libnx.a(applet.o)
                0x0000000000033370                appletCreateManagedDisplayLayer
 *fill*         0x0000000000033384        0xc 
 .text.appletCreateLibraryApplet
                0x0000000000033390        0x8 /opt/devkitpro//libnx/lib/libnx.a(applet.o)
                0x0000000000033390                appletCreateLibraryApplet
 *fill*         0x0000000000033398        0x8 
 .text.appletCreateLibraryAppletSelf
                0x00000000000333a0        0x8 /opt/devkitpro//libnx/lib/libnx.a(applet.o)
                0x00000000000333a0                appletCreateLibraryAppletSelf
 *fill*         0x00000000000333a8        0x8 
 .text.appletHolderClose
                0x00000000000333b0       0x94 /opt/devkitpro//libnx/lib/libnx.a(applet.o)
                0x00000000000333b0                appletHolderClose
 *fill*         0x0000000000033444        0xc 
 .text.appletHolderGetIndirectLayerConsumerHandle
                0x0000000000033450       0x70 /opt/devkitpro//libnx/lib/libnx.a(applet.o)
                0x0000000000033450                appletHolderGetIndirectLayerConsumerHandle
 .text.appletHolderStart
                0x00000000000334c0       0x50 /opt/devkitpro//libnx/lib/libnx.a(applet.o)
                0x00000000000334c0                appletHolderStart
 .text.appletHolderJoin
                0x0000000000033510       0x84 /opt/devkitpro//libnx/lib/libnx.a(applet.o)
                0x0000000000033510                appletHolderJoin
 *fill*         0x0000000000033594        0xc 
 .text.appletHolderGetExitReason
                0x00000000000335a0        0x8 /opt/devkitpro//libnx/lib/libnx.a(applet.o)
                0x00000000000335a0                appletHolderGetExitReason
 *fill*         0x00000000000335a8        0x8 
 .text.appletHolderWaitInteractiveOut
                0x00000000000335b0       0x88 /opt/devkitpro//libnx/lib/libnx.a(applet.o)
                0x00000000000335b0                appletHolderWaitInteractiveOut
 *fill*         0x0000000000033638        0x8 
 .text.appletHolderPopOutData
                0x0000000000033640       0x18 /opt/devkitpro//libnx/lib/libnx.a(applet.o)
                0x0000000000033640                appletHolderPopOutData
 *fill*         0x0000000000033658        0x8 
 .text.appletHolderPopInteractiveOutData
                0x0000000000033660       0x18 /opt/devkitpro//libnx/lib/libnx.a(applet.o)
                0x0000000000033660                appletHolderPopInteractiveOutData
 *fill*         0x0000000000033678        0x8 
 .text.appletCreateStorage
                0x0000000000033680       0x14 /opt/devkitpro//libnx/lib/libnx.a(applet.o)
                0x0000000000033680                appletCreateStorage
 *fill*         0x0000000000033694        0xc 
 .text.appletCreateTransferMemoryStorage
                0x00000000000336a0       0xa8 /opt/devkitpro//libnx/lib/libnx.a(applet.o)
                0x00000000000336a0                appletCreateTransferMemoryStorage
 *fill*         0x0000000000033748        0x8 
 .text.appletCreateHandleStorage
                0x0000000000033750       0x60 /opt/devkitpro//libnx/lib/libnx.a(applet.o)
                0x0000000000033750                appletCreateHandleStorage
 .text.appletCreateHandleStorageTmem
                0x00000000000337b0       0xa0 /opt/devkitpro//libnx/lib/libnx.a(applet.o)
                0x00000000000337b0                appletCreateHandleStorageTmem
 .text.appletStorageClose
                0x0000000000033850       0x6c /opt/devkitpro//libnx/lib/libnx.a(applet.o)
                0x0000000000033850                appletStorageClose
 *fill*         0x00000000000338bc        0x4 
 .text.appletHolderPushExtraStorage
                0x00000000000338c0       0x40 /opt/devkitpro//libnx/lib/libnx.a(applet.o)
                0x00000000000338c0                appletHolderPushExtraStorage
 .text.appletHolderPushInteractiveInData
                0x0000000000033900       0x40 /opt/devkitpro//libnx/lib/libnx.a(applet.o)
                0x0000000000033900                appletHolderPushInteractiveInData
 .text.appletPushToGeneralChannel
                0x0000000000033940       0x4c /opt/devkitpro//libnx/lib/libnx.a(applet.o)
                0x0000000000033940                appletPushToGeneralChannel
 *fill*         0x000000000003398c        0x4 
 .text.appletHolderPushInData
                0x0000000000033990       0x40 /opt/devkitpro//libnx/lib/libnx.a(applet.o)
                0x0000000000033990                appletHolderPushInData
 .text.appletStorageCloseTmem
                0x00000000000339d0        0x8 /opt/devkitpro//libnx/lib/libnx.a(applet.o)
                0x00000000000339d0                appletStorageCloseTmem
 *fill*         0x00000000000339d8        0x8 
 .text.appletStorageGetSize
                0x00000000000339e0       0xc4 /opt/devkitpro//libnx/lib/libnx.a(applet.o)
                0x00000000000339e0                appletStorageGetSize
 *fill*         0x0000000000033aa4        0xc 
 .text.appletStorageWrite
                0x0000000000033ab0        0x8 /opt/devkitpro//libnx/lib/libnx.a(applet.o)
                0x0000000000033ab0                appletStorageWrite
 *fill*         0x0000000000033ab8        0x8 
 .text.appletStorageRead
                0x0000000000033ac0        0x8 /opt/devkitpro//libnx/lib/libnx.a(applet.o)
                0x0000000000033ac0                appletStorageRead
 *fill*         0x0000000000033ac8        0x8 
 .text.appletStorageGetHandle
                0x0000000000033ad0       0xf8 /opt/devkitpro//libnx/lib/libnx.a(applet.o)
                0x0000000000033ad0                appletStorageGetHandle
 *fill*         0x0000000000033bc8        0x8 
 .text.appletStorageMap
                0x0000000000033bd0       0xcc /opt/devkitpro//libnx/lib/libnx.a(applet.o)
                0x0000000000033bd0                appletStorageMap
 *fill*         0x0000000000033c9c        0x4 
 .text.appletGetOperationMode
                0x0000000000033ca0        0xc /opt/devkitpro//libnx/lib/libnx.a(applet.o)
                0x0000000000033ca0                appletGetOperationMode
 *fill*         0x0000000000033cac        0x4 
 .text.appletGetPerformanceMode
                0x0000000000033cb0        0xc /opt/devkitpro//libnx/lib/libnx.a(applet.o)
                0x0000000000033cb0                appletGetPerformanceMode
 *fill*         0x0000000000033cbc        0x4 
 .text.appletGetFocusState
                0x0000000000033cc0        0xc /opt/devkitpro//libnx/lib/libnx.a(applet.o)
                0x0000000000033cc0                appletGetFocusState
 *fill*         0x0000000000033ccc        0x4 
 .text.appletMainLoop
                0x0000000000033cd0      0x17c /opt/devkitpro//libnx/lib/libnx.a(applet.o)
                0x0000000000033cd0                appletMainLoop
 *fill*         0x0000000000033e4c        0x4 
 .text.ipcCloseObjectById
                0x0000000000033e50       0x34 /opt/devkitpro//libnx/lib/libnx.a(time.o)
 *fill*         0x0000000000033e84        0xc 
 .text._timeGetSession
                0x0000000000033e90      0x12c /opt/devkitpro//libnx/lib/libnx.a(time.o)
 *fill*         0x0000000000033fbc        0x4 
 .text.timeExit
                0x0000000000033fc0      0x1ec /opt/devkitpro//libnx/lib/libnx.a(time.o)
                0x0000000000033fc0                timeExit
 *fill*         0x00000000000341ac        0x4 
 .text.timeInitialize
                0x00000000000341b0       0xd8 /opt/devkitpro//libnx/lib/libnx.a(time.o)
                0x00000000000341b0                timeInitialize
 *fill*         0x0000000000034288        0x8 
 .text.timeGetSessionService
                0x0000000000034290        0xc /opt/devkitpro//libnx/lib/libnx.a(time.o)
                0x0000000000034290                timeGetSessionService
 *fill*         0x000000000003429c        0x4 
 .text.timeGetCurrentTime
                0x00000000000342a0      0x124 /opt/devkitpro//libnx/lib/libnx.a(time.o)
                0x00000000000342a0                timeGetCurrentTime
 *fill*         0x00000000000343c4        0xc 
 .text.timeSetCurrentTime
                0x00000000000343d0      0x104 /opt/devkitpro//libnx/lib/libnx.a(time.o)
                0x00000000000343d0                timeSetCurrentTime
 *fill*         0x00000000000344d4        0xc 
 .text.timeToCalendarTimeWithMyRule
                0x00000000000344e0      0x118 /opt/devkitpro//libnx/lib/libnx.a(time.o)
                0x00000000000344e0                timeToCalendarTimeWithMyRule
 *fill*         0x00000000000345f8        0x8 
 .text._hidGetDeviceHandles.part.3
                0x0000000000034600       0xe8 /opt/devkitpro//libnx/lib/libnx.a(hid.o)
 *fill*         0x00000000000346e8        0x8 
 .text.ipcCloseObjectById
                0x00000000000346f0       0x34 /opt/devkitpro//libnx/lib/libnx.a(hid.o)
 *fill*         0x0000000000034724        0xc 
 .text._hidActivateVibrationDevice
                0x0000000000034730       0xc8 /opt/devkitpro//libnx/lib/libnx.a(hid.o)
 *fill*         0x00000000000347f8        0x8 
 .text._hidGetSharedMemoryHandle.constprop.10
                0x0000000000034800      0x124 /opt/devkitpro//libnx/lib/libnx.a(hid.o)
 *fill*         0x0000000000034924        0xc 
 .text._hidCreateActiveVibrationDeviceList
                0x0000000000034930      0x134 /opt/devkitpro//libnx/lib/libnx.a(hid.o)
 *fill*         0x0000000000034a64        0xc 
 .text._hidCreateAppletResource.constprop.9
                0x0000000000034a70      0x134 /opt/devkitpro//libnx/lib/libnx.a(hid.o)
 *fill*         0x0000000000034ba4        0xc 
 .text._hidCmdWithNoInput
                0x0000000000034bb0      0x100 /opt/devkitpro//libnx/lib/libnx.a(hid.o)
 .text._hidCmdWithInputU32
                0x0000000000034cb0      0x10c /opt/devkitpro//libnx/lib/libnx.a(hid.o)
 *fill*         0x0000000000034dbc        0x4 
 .text._hidCmdWithInputU64.constprop.11
                0x0000000000034dc0      0x108 /opt/devkitpro//libnx/lib/libnx.a(hid.o)
 *fill*         0x0000000000034ec8        0x8 
 .text.hidReset
                0x0000000000034ed0      0x1d0 /opt/devkitpro//libnx/lib/libnx.a(hid.o)
                0x0000000000034ed0                hidReset
 .text.hidGetSessionService
                0x00000000000350a0        0xc /opt/devkitpro//libnx/lib/libnx.a(hid.o)
                0x00000000000350a0                hidGetSessionService
 *fill*         0x00000000000350ac        0x4 
 .text.hidGetSharedmemAddr
                0x00000000000350b0        0xc /opt/devkitpro//libnx/lib/libnx.a(hid.o)
                0x00000000000350b0                hidGetSharedmemAddr
 *fill*         0x00000000000350bc        0x4 
 .text.hidSetControllerLayout
                0x00000000000350c0       0x54 /opt/devkitpro//libnx/lib/libnx.a(hid.o)
                0x00000000000350c0                hidSetControllerLayout
 *fill*         0x0000000000035114        0xc 
 .text.hidGetControllerLayout
                0x0000000000035120       0x50 /opt/devkitpro//libnx/lib/libnx.a(hid.o)
                0x0000000000035120                hidGetControllerLayout
 .text.hidGetControllerType
                0x0000000000035170       0x78 /opt/devkitpro//libnx/lib/libnx.a(hid.o)
                0x0000000000035170                hidGetControllerType
 *fill*         0x00000000000351e8        0x8 
 .text.hidGetControllerColors
                0x00000000000351f0       0xd4 /opt/devkitpro//libnx/lib/libnx.a(hid.o)
                0x00000000000351f0                hidGetControllerColors
 *fill*         0x00000000000352c4        0xc 
 .text.hidIsControllerConnected
                0x00000000000352d0       0x7c /opt/devkitpro//libnx/lib/libnx.a(hid.o)
                0x00000000000352d0                hidIsControllerConnected
 *fill*         0x000000000003534c        0x4 
 .text.hidKeysHeld
                0x0000000000035350       0x6c /opt/devkitpro//libnx/lib/libnx.a(hid.o)
                0x0000000000035350                hidKeysHeld
 *fill*         0x00000000000353bc        0x4 
 .text.hidKeysDown
                0x00000000000353c0       0x6c /opt/devkitpro//libnx/lib/libnx.a(hid.o)
                0x00000000000353c0                hidKeysDown
 *fill*         0x000000000003542c        0x4 
 .text.hidKeysUp
                0x0000000000035430       0x6c /opt/devkitpro//libnx/lib/libnx.a(hid.o)
                0x0000000000035430                hidKeysUp
 *fill*         0x000000000003549c        0x4 
 .text.hidMouseButtonsHeld
                0x00000000000354a0       0x3c /opt/devkitpro//libnx/lib/libnx.a(hid.o)
                0x00000000000354a0                hidMouseButtonsHeld
 *fill*         0x00000000000354dc        0x4 
 .text.hidMouseButtonsDown
                0x00000000000354e0       0x3c /opt/devkitpro//libnx/lib/libnx.a(hid.o)
                0x00000000000354e0                hidMouseButtonsDown
 *fill*         0x000000000003551c        0x4 
 .text.hidMouseButtonsUp
                0x0000000000035520       0x3c /opt/devkitpro//libnx/lib/libnx.a(hid.o)
                0x0000000000035520                hidMouseButtonsUp
 *fill*         0x000000000003555c        0x4 
 .text.hidMouseRead
                0x0000000000035560       0x48 /opt/devkitpro//libnx/lib/libnx.a(hid.o)
                0x0000000000035560                hidMouseRead
 *fill*         0x00000000000355a8        0x8 
 .text.hidKeyboardModifierHeld
                0x00000000000355b0       0x48 /opt/devkitpro//libnx/lib/libnx.a(hid.o)
                0x00000000000355b0                hidKeyboardModifierHeld
 *fill*         0x00000000000355f8        0x8 
 .text.hidKeyboardModifierDown
                0x0000000000035600       0x48 /opt/devkitpro//libnx/lib/libnx.a(hid.o)
                0x0000000000035600                hidKeyboardModifierDown
 *fill*         0x0000000000035648        0x8 
 .text.hidKeyboardModifierUp
                0x0000000000035650       0x48 /opt/devkitpro//libnx/lib/libnx.a(hid.o)
                0x0000000000035650                hidKeyboardModifierUp
 *fill*         0x0000000000035698        0x8 
 .text.hidKeyboardHeld
                0x00000000000356a0       0x60 /opt/devkitpro//libnx/lib/libnx.a(hid.o)
                0x00000000000356a0                hidKeyboardHeld
 .text.hidKeyboardDown
                0x0000000000035700       0x60 /opt/devkitpro//libnx/lib/libnx.a(hid.o)
                0x0000000000035700                hidKeyboardDown
 .text.hidKeyboardUp
                0x0000000000035760       0x60 /opt/devkitpro//libnx/lib/libnx.a(hid.o)
                0x0000000000035760                hidKeyboardUp
 .text.hidTouchCount
                0x00000000000357c0        0xc /opt/devkitpro//libnx/lib/libnx.a(hid.o)
                0x00000000000357c0                hidTouchCount
 *fill*         0x00000000000357cc        0x4 
 .text.hidScanInput
                0x00000000000357d0      0x560 /opt/devkitpro//libnx/lib/libnx.a(hid.o)
                0x00000000000357d0                hidScanInput
 .text.hidTouchRead
                0x0000000000035d30       0x54 /opt/devkitpro//libnx/lib/libnx.a(hid.o)
                0x0000000000035d30                hidTouchRead
 *fill*         0x0000000000035d84        0xc 
 .text.hidJoystickRead
                0x0000000000035d90       0xac /opt/devkitpro//libnx/lib/libnx.a(hid.o)
                0x0000000000035d90                hidJoystickRead
 *fill*         0x0000000000035e3c        0x4 
 .text.hidSixAxisSensorValuesRead
                0x0000000000035e40      0x214 /opt/devkitpro//libnx/lib/libnx.a(hid.o)
                0x0000000000035e40                hidSixAxisSensorValuesRead
 *fill*         0x0000000000036054        0xc 
 .text.hidGetHandheldMode
                0x0000000000036060       0x14 /opt/devkitpro//libnx/lib/libnx.a(hid.o)
                0x0000000000036060                hidGetHandheldMode
 *fill*         0x0000000000036074        0xc 
 .text.hidSetSupportedNpadIdType
                0x0000000000036080      0x198 /opt/devkitpro//libnx/lib/libnx.a(hid.o)
                0x0000000000036080                hidSetSupportedNpadIdType
 *fill*         0x0000000000036218        0x8 
 .text.hidSetSupportedNpadStyleSet
                0x0000000000036220        0xc /opt/devkitpro//libnx/lib/libnx.a(hid.o)
                0x0000000000036220                hidSetSupportedNpadStyleSet
 *fill*         0x000000000003622c        0x4 
 .text.hidAcquireNpadStyleSetUpdateEventHandle
                0x0000000000036230      0x194 /opt/devkitpro//libnx/lib/libnx.a(hid.o)
                0x0000000000036230                hidAcquireNpadStyleSetUpdateEventHandle
 *fill*         0x00000000000363c4        0xc 
 .text.hidSetNpadJoyHoldType
                0x00000000000363d0        0x8 /opt/devkitpro//libnx/lib/libnx.a(hid.o)
                0x00000000000363d0                hidSetNpadJoyHoldType
 *fill*         0x00000000000363d8        0x8 
 .text.hidSetNpadJoyAssignmentModeSingleByDefault
                0x00000000000363e0        0xc /opt/devkitpro//libnx/lib/libnx.a(hid.o)
                0x00000000000363e0                hidSetNpadJoyAssignmentModeSingleByDefault
 *fill*         0x00000000000363ec        0x4 
 .text.hidSetNpadJoyAssignmentModeDual
                0x00000000000363f0        0xc /opt/devkitpro//libnx/lib/libnx.a(hid.o)
                0x00000000000363f0                hidSetNpadJoyAssignmentModeDual
 *fill*         0x00000000000363fc        0x4 
 .text.hidExit  0x0000000000036400      0x12c /opt/devkitpro//libnx/lib/libnx.a(hid.o)
                0x0000000000036400                hidExit
 *fill*         0x000000000003652c        0x4 
 .text.hidInitialize
                0x0000000000036530      0x168 /opt/devkitpro//libnx/lib/libnx.a(hid.o)
                0x0000000000036530                hidInitialize
 *fill*         0x0000000000036698        0x8 
 .text.hidMergeSingleJoyAsDualJoy
                0x00000000000366a0      0x110 /opt/devkitpro//libnx/lib/libnx.a(hid.o)
                0x00000000000366a0                hidMergeSingleJoyAsDualJoy
 .text.hidGetVibrationDeviceInfo
                0x00000000000367b0       0xf8 /opt/devkitpro//libnx/lib/libnx.a(hid.o)
                0x00000000000367b0                hidGetVibrationDeviceInfo
 *fill*         0x00000000000368a8        0x8 
 .text.hidSendVibrationValue
                0x00000000000368b0      0x120 /opt/devkitpro//libnx/lib/libnx.a(hid.o)
                0x00000000000368b0                hidSendVibrationValue
 .text.hidGetActualVibrationValue
                0x00000000000369d0      0x128 /opt/devkitpro//libnx/lib/libnx.a(hid.o)
                0x00000000000369d0                hidGetActualVibrationValue
 *fill*         0x0000000000036af8        0x8 
 .text.hidPermitVibration
                0x0000000000036b00       0xd0 /opt/devkitpro//libnx/lib/libnx.a(hid.o)
                0x0000000000036b00                hidPermitVibration
 .text.hidIsVibrationPermitted
                0x0000000000036bd0       0xf4 /opt/devkitpro//libnx/lib/libnx.a(hid.o)
                0x0000000000036bd0                hidIsVibrationPermitted
 *fill*         0x0000000000036cc4        0xc 
 .text.hidSendVibrationValues
                0x0000000000036cd0      0x144 /opt/devkitpro//libnx/lib/libnx.a(hid.o)
                0x0000000000036cd0                hidSendVibrationValues
 *fill*         0x0000000000036e14        0xc 
 .text.hidInitializeVibrationDevices
                0x0000000000036e20      0x114 /opt/devkitpro//libnx/lib/libnx.a(hid.o)
                0x0000000000036e20                hidInitializeVibrationDevices
 *fill*         0x0000000000036f34        0xc 
 .text.hidGetSixAxisSensorHandles
                0x0000000000036f40       0x2c /opt/devkitpro//libnx/lib/libnx.a(hid.o)
                0x0000000000036f40                hidGetSixAxisSensorHandles
 *fill*         0x0000000000036f6c        0x4 
 .text.hidStartSixAxisSensor
                0x0000000000036f70       0x84 /opt/devkitpro//libnx/lib/libnx.a(hid.o)
                0x0000000000036f70                hidStartSixAxisSensor
 *fill*         0x0000000000036ff4        0xc 
 .text.hidStopSixAxisSensor
                0x0000000000037000       0x80 /opt/devkitpro//libnx/lib/libnx.a(hid.o)
                0x0000000000037000                hidStopSixAxisSensor
 .text.ipcPrepareHeader
                0x0000000000037080      0x220 /opt/devkitpro//libnx/lib/libnx.a(fs.o)
 .text.ipcParse
                0x00000000000372a0      0x22c /opt/devkitpro//libnx/lib/libnx.a(fs.o)
 *fill*         0x00000000000374cc        0x4 
 .text.serviceIpcParse
                0x00000000000374d0       0xb0 /opt/devkitpro//libnx/lib/libnx.a(fs.o)
 .text.fsFsQueryEntry.part.12
                0x0000000000037580      0x1f0 /opt/devkitpro//libnx/lib/libnx.a(fs.o)
 .text.ipcCloseObjectById
                0x0000000000037770       0x34 /opt/devkitpro//libnx/lib/libnx.a(fs.o)
 *fill*         0x00000000000377a4        0xc 
 .text._fsDeviceOperatorCheckInserted
                0x00000000000377b0      0x104 /opt/devkitpro//libnx/lib/libnx.a(fs.o)
 *fill*         0x00000000000378b4        0xc 
 .text.fsInitialize
                0x00000000000378c0      0x200 /opt/devkitpro//libnx/lib/libnx.a(fs.o)
                0x00000000000378c0                fsInitialize
 .text.fsExit   0x0000000000037ac0       0x9c /opt/devkitpro//libnx/lib/libnx.a(fs.o)
                0x0000000000037ac0                fsExit
 *fill*         0x0000000000037b5c        0x4 
 .text.fsGetServiceSession
                0x0000000000037b60        0xc /opt/devkitpro//libnx/lib/libnx.a(fs.o)
                0x0000000000037b60                fsGetServiceSession
 *fill*         0x0000000000037b6c        0x4 
 .text.fsOpenBisStorage
                0x0000000000037b70      0x128 /opt/devkitpro//libnx/lib/libnx.a(fs.o)
                0x0000000000037b70                fsOpenBisStorage
 *fill*         0x0000000000037c98        0x8 
 .text.fsOpenBisFileSystem
                0x0000000000037ca0      0x170 /opt/devkitpro//libnx/lib/libnx.a(fs.o)
                0x0000000000037ca0                fsOpenBisFileSystem
 .text.fsMountSdcard
                0x0000000000037e10      0x13c /opt/devkitpro//libnx/lib/libnx.a(fs.o)
                0x0000000000037e10                fsMountSdcard
 *fill*         0x0000000000037f4c        0x4 
 .text.fsMountSaveData
                0x0000000000037f50      0x158 /opt/devkitpro//libnx/lib/libnx.a(fs.o)
                0x0000000000037f50                fsMountSaveData
 *fill*         0x00000000000380a8        0x8 
 .text.fsMountSystemSaveData
                0x00000000000380b0      0x158 /opt/devkitpro//libnx/lib/libnx.a(fs.o)
                0x00000000000380b0                fsMountSystemSaveData
 *fill*         0x0000000000038208        0x8 
 .text.fsOpenSaveDataIterator
                0x0000000000038210      0x26c /opt/devkitpro//libnx/lib/libnx.a(fs.o)
                0x0000000000038210                fsOpenSaveDataIterator
 *fill*         0x000000000003847c        0x4 
 .text.fsOpenDataStorageByCurrentProcess
                0x0000000000038480      0x13c /opt/devkitpro//libnx/lib/libnx.a(fs.o)
                0x0000000000038480                fsOpenDataStorageByCurrentProcess
 *fill*         0x00000000000385bc        0x4 
 .text.fsOpenDeviceOperator
                0x00000000000385c0      0x1cc /opt/devkitpro//libnx/lib/libnx.a(fs.o)
                0x00000000000385c0                fsOpenDeviceOperator
 *fill*         0x000000000003878c        0x4 
 .text.fsOpenSdCardDetectionEventNotifier
                0x0000000000038790      0x1cc /opt/devkitpro//libnx/lib/libnx.a(fs.o)
                0x0000000000038790                fsOpenSdCardDetectionEventNotifier
 *fill*         0x000000000003895c        0x4 
 .text.fsIsExFatSupported
                0x0000000000038960      0x10c /opt/devkitpro//libnx/lib/libnx.a(fs.o)
                0x0000000000038960                fsIsExFatSupported
 *fill*         0x0000000000038a6c        0x4 
 .text.fsMount_SaveData
                0x0000000000038a70       0x3c /opt/devkitpro//libnx/lib/libnx.a(fs.o)
                0x0000000000038a70                fsMount_SaveData
 *fill*         0x0000000000038aac        0x4 
 .text.fsMount_SystemSaveData
                0x0000000000038ab0       0x30 /opt/devkitpro//libnx/lib/libnx.a(fs.o)
                0x0000000000038ab0                fsMount_SystemSaveData
 .text.fsOpenFileSystemWithId
                0x0000000000038ae0      0x248 /opt/devkitpro//libnx/lib/libnx.a(fs.o)
                0x0000000000038ae0                fsOpenFileSystemWithId
 *fill*         0x0000000000038d28        0x8 
 .text.fsOpenFileSystem
                0x0000000000038d30       0x10 /opt/devkitpro//libnx/lib/libnx.a(fs.o)
                0x0000000000038d30                fsOpenFileSystem
 .text.fsFsCreateFile
                0x0000000000038d40      0x120 /opt/devkitpro//libnx/lib/libnx.a(fs.o)
                0x0000000000038d40                fsFsCreateFile
 .text.fsFsDeleteFile
                0x0000000000038e60      0x118 /opt/devkitpro//libnx/lib/libnx.a(fs.o)
                0x0000000000038e60                fsFsDeleteFile
 *fill*         0x0000000000038f78        0x8 
 .text.fsFsCreateDirectory
                0x0000000000038f80      0x118 /opt/devkitpro//libnx/lib/libnx.a(fs.o)
                0x0000000000038f80                fsFsCreateDirectory
 *fill*         0x0000000000039098        0x8 
 .text.fsFsDeleteDirectory
                0x00000000000390a0      0x118 /opt/devkitpro//libnx/lib/libnx.a(fs.o)
                0x00000000000390a0                fsFsDeleteDirectory
 *fill*         0x00000000000391b8        0x8 
 .text.fsFsDeleteDirectoryRecursively
                0x00000000000391c0      0x118 /opt/devkitpro//libnx/lib/libnx.a(fs.o)
                0x00000000000391c0                fsFsDeleteDirectoryRecursively
 *fill*         0x00000000000392d8        0x8 
 .text.fsFsRenameFile
                0x00000000000392e0      0x190 /opt/devkitpro//libnx/lib/libnx.a(fs.o)
                0x00000000000392e0                fsFsRenameFile
 .text.fsFsRenameDirectory
                0x0000000000039470      0x190 /opt/devkitpro//libnx/lib/libnx.a(fs.o)
                0x0000000000039470                fsFsRenameDirectory
 .text.fsFsGetEntryType
                0x0000000000039600      0x12c /opt/devkitpro//libnx/lib/libnx.a(fs.o)