Archive member included to satisfy reference by file (symbol)

/opt/devkitpro//libnx/lib/libnx.a(switch_crt0.o)
                              (_start)
/opt/devkitpro//libnx/lib/libnx.a(dynamic.o)
                              /opt/devkitpro//libnx/lib/libnx.a(switch_crt0.o) (__nx_dynamic)
/opt/devkitpro//libnx/lib/libnx.a(init.o)
                              /opt/devkitpro//libnx/lib/libnx.a(switch_crt0.o) (__stack_top)
/opt/devkitpro//libnx/lib/libnx.a(newlib.o)
                              /opt/devkitpro//libnx/lib/libnx.a(init.o) (__libnx_init_time)
/opt/devkitpro//libnx/lib/libnx.a(argv.o)
                              /opt/devkitpro//libnx/lib/libnx.a(init.o) (argvSetup)
/opt/devkitpro//libnx/lib/libnx.a(fs_dev.o)
                              /opt/devkitpro//libnx/lib/libnx.a(init.o) (fsdevMountSdmc)
/opt/devkitpro//libnx/lib/libnx.a(decode_utf8.o)
                              /opt/devkitpro//libnx/lib/libnx.a(fs_dev.o) (decode_utf8)
/opt/devkitpro//libnx/lib/libnx.a(svc.o)
                              /opt/devkitpro//libnx/lib/libnx.a(init.o) (svcSetHeapSize)
/opt/devkitpro//libnx/lib/libnx.a(exception.o)
                              /opt/devkitpro//libnx/lib/libnx.a(switch_crt0.o) (__libnx_exception_entry)
/opt/devkitpro//libnx/lib/libnx.a(readtp.o)
                              /opt/devkitpro//libnx/lib/libnx.a(fs_dev.o) (__aarch64_read_tp)
/opt/devkitpro//libnx/lib/libnx.a(mutex.o)
                              /opt/devkitpro//libnx/lib/libnx.a(newlib.o) (mutexLock)
/opt/devkitpro//libnx/lib/libnx.a(virtmem.o)
                              /opt/devkitpro//libnx/lib/libnx.a(init.o) (virtmemSetup)
/opt/devkitpro//libnx/lib/libnx.a(applet.o)
                              /opt/devkitpro//libnx/lib/libnx.a(init.o) (appletExit)
/opt/devkitpro//libnx/lib/libnx.a(time.o)
                              /opt/devkitpro//libnx/lib/libnx.a(init.o) (timeExit)
/opt/devkitpro//libnx/lib/libnx.a(hid.o)
                              /opt/devkitpro//libnx/lib/libnx.a(init.o) (hidExit)
/opt/devkitpro//libnx/lib/libnx.a(fs.o)
                              /opt/devkitpro//libnx/lib/libnx.a(init.o) (fsInitialize)
/opt/devkitpro//libnx/lib/libnx.a(apm.o)
                              /opt/devkitpro//libnx/lib/libnx.a(applet.o) (apmExit)
/opt/devkitpro//libnx/lib/libnx.a(sm.o)
                              /opt/devkitpro//libnx/lib/libnx.a(init.o) (smExit)
/opt/devkitpro//libnx/lib/libnx.a(fatal.o)
                              /opt/devkitpro//libnx/lib/libnx.a(dynamic.o) (fatalSimple)
/opt/devkitpro//libnx/lib/libnx.a(env.o)
                              /opt/devkitpro//libnx/lib/libnx.a(init.o) (envSetup)
/opt/devkitpro//libnx/lib/libnx.a(nxlink.o)
                              /opt/devkitpro//libnx/lib/libnx.a(argv.o) (nxlinkSetup)
/opt/devkitpro//libnx/lib/libnx.a(detect.o)
                              /opt/devkitpro//libnx/lib/libnx.a(applet.o) (kernelAbove200)
/opt/devkitpro//libnx/lib/libnx.a(tmem.o)
                              /opt/devkitpro//libnx/lib/libnx.a(applet.o) (tmemCreate)
/opt/devkitpro//libnx/lib/libnx.a(wait.o)
                              /opt/devkitpro//libnx/lib/libnx.a(applet.o) (waitObjects)
/opt/devkitpro//libnx/lib/libnx.a(rwlock.o)
                              /opt/devkitpro//libnx/lib/libnx.a(hid.o) (rwlockReadLock)
/opt/devkitpro//libnx/lib/libnx.a(shmem.o)
                              /opt/devkitpro//libnx/lib/libnx.a(hid.o) (shmemLoadRemote)
/opt/devkitpro//libnx/lib/libnx.a(event.o)
                              /opt/devkitpro//libnx/lib/libnx.a(applet.o) (eventLoadRemote)
/opt/devkitpro/devkitA64/lib/gcc/aarch64-none-elf/8.2.0/../../../../aarch64-none-elf/lib/pic/libm.a(lib_a-sf_cos.o)
                              lmathlib.o (cosf)
/opt/devkitpro/devkitA64/lib/gcc/aarch64-none-elf/8.2.0/../../../../aarch64-none-elf/lib/pic/libm.a(lib_a-sf_exp.o)
                              lmathlib.o (expf)
/opt/devkitpro/devkitA64/lib/gcc/aarch64-none-elf/8.2.0/../../../../aarch64-none-elf/lib/pic/libm.a(lib_a-sf_frexp.o)
                              ltable.o (frexpf)
/opt/devkitpro/devkitA64/lib/gcc/aarch64-none-elf/8.2.0/../../../../aarch64-none-elf/lib/pic/libm.a(lib_a-sf_log2.o)
                              lmathlib.o (log2f)
/opt/devkitpro/devkitA64/lib/gcc/aarch64-none-elf/8.2.0/../../../../aarch64-none-elf/lib/pic/libm.a(lib_a-sf_log.o)
                              lmathlib.o (logf)
/opt/devkitpro/devkitA64/lib/gcc/aarch64-none-elf/8.2.0/../../../../aarch64-none-elf/lib/pic/libm.a(lib_a-sf_pow.o)
                              lvm.o (powf)
/opt/devkitpro/devkitA64/lib/gcc/aarch64-none-elf/8.2.0/../../../../aarch64-none-elf/lib/pic/libm.a(lib_a-sf_sin.o)
                              lmathlib.o (sinf)
/opt/devkitpro/devkitA64/lib/gcc/aarch64-none-elf/8.2.0/../../../../aarch64-none-elf/lib/pic/libm.a(lib_a-sf_tan.o)
                              lmathlib.o (tanf)
/opt/devkitpro/devkitA64/lib/gcc/aarch64-none-elf/8.2.0/../../../../aarch64-none-elf/lib/pic/libm.a(lib_a-wf_acos.o)
[...]
Memory Configuration

Name             Origin             Length             Attributes
*default*        0x0000000000000000 0xffffffffffffffff

Linker script and memory map

                0x0000000000000000                PROVIDE (__start__ = 0x0)
                0x0000000000000000                . = __start__

.crt0           0x0000000000000000      0x150
 *(.crt0)
 .crt0          0x0000000000000000      0x14c /opt/devkitpro//libnx/lib/libnx.a(switch_crt0.o)
                0x0000000000000000                _start
                0x0000000000000120                __nx_exit
                0x0000000000000130                __nx_mod0
                0x0000000000000150                . = ALIGN (0x8)
 *fill*         0x000000000000014c        0x4 

.init           0x0000000000000150       0x38
 *(.init)
 .init          0x0000000000000150       0x18 /opt/devkitpro/devkitA64/lib/gcc/aarch64-none-elf/8.2.0/pic/crti.o
                0x0000000000000150                _init
 .init          0x0000000000000168       0x1c /opt/devkitpro/devkitA64/lib/gcc/aarch64-none-elf/8.2.0/pic/crtn.o
                0x0000000000000188                . = ALIGN (0x8)
 *fill*         0x0000000000000184        0x4 

.plt            0x0000000000000188       0x90
 *(.plt)
 .plt           0x0000000000000188       0x90 /opt/devkitpro/devkitA64/lib/gcc/aarch64-none-elf/8.2.0/pic/crti.o
 *(.iplt)
                0x0000000000000218                . = ALIGN (0x8)

.text           0x0000000000000240    0x639f0
 *(.text.unlikely .text.*_unlikely .text.unlikely.*)
 *(.text.exit .text.exit.*)
 .text.exit     0x0000000000000240       0x38 /opt/devkitpro/devkitA64/lib/gcc/aarch64-none-elf/8.2.0/../../../../aarch64-none-elf/lib/pic/libg.a(lib_a-exit.o)
                0x0000000000000240                exit
 *(.text.startup .text.startup.*)
 *fill*         0x0000000000000278        0x8 
 .text.startup  0x0000000000000280      0x1e4 main.o
                0x0000000000000280                main
 *(.text.hot .text.hot.*)
 *(.text .stub .text.* .gnu.linkonce.t.*)
 *fill*         0x0000000000000464        0x4 
 .text.deregister_tm_clones
                0x0000000000000468       0x2c /opt/devkitpro/devkitA64/lib/gcc/aarch64-none-elf/8.2.0/pic/crtbegin.o
 *fill*         0x0000000000000494        0x4 
 .text.register_tm_clones
                0x0000000000000498       0x38 /opt/devkitpro/devkitA64/lib/gcc/aarch64-none-elf/8.2.0/pic/crtbegin.o
 .text.__do_global_dtors_aux
                0x00000000000004d0       0x48 /opt/devkitpro/devkitA64/lib/gcc/aarch64-none-elf/8.2.0/pic/crtbegin.o
 .text.frame_dummy
                0x0000000000000518       0x34 /opt/devkitpro/devkitA64/lib/gcc/aarch64-none-elf/8.2.0/pic/crtbegin.o
 *fill*         0x000000000000054c        0x4 
 .text          0x0000000000000550      0x754 main.o
                0x0000000000000550                _ZN3app11peachdaikon32PEACH_PEACHDAIKON_DAIKON_1_POWEREv_replace_with_arg
                0x0000000000000560                _ZN2nn4util14DecompressZlibEPvmPKvmS1_m_intercept
                0x00000000000005f0                _ZN2nn2ro10LoadModuleEPNS0_6ModuleEPKvPvmi_intercept
                0x0000000000000670                ReadFile_intercept
                0x00000000000006f0                ReadFile_intercept2
                0x0000000000000760                _ZN3app10sv_animcmd6ATTACKEP9lua_State_replace
                0x0000000000000b00                __libnx_init
                0x0000000000000b60                __libnx_exit
                0x0000000000000bb0                _ZN3app11peachdaikon32PEACH_PEACHDAIKON_DAIKON_1_POWEREv_replace
                0x0000000000000be0                attack_code_replace
                0x0000000000000bf0                SaltySD_function_replace
                0x0000000000000c80                SaltySD_function_replace_sym
 *fill*         0x0000000000000ca4        0xc 
 .text          0x0000000000000cb0     0x1cd8 liolib.o
                0x0000000000002840                luaopen_io
 *fill*         0x0000000000002988        0x8 
 .text          0x0000000000002990      0x354 lmem.o
                0x0000000000002a00                luaM_shrinkvector_
                0x0000000000002a90                luaM_toobig
                0x0000000000002ab0                luaM_free_
                0x0000000000002af0                luaM_realloc_
                0x0000000000002b80                luaM_growaux_
                0x0000000000002c20                luaM_saferealloc_
                0x0000000000002c60                luaM_malloc_
 *fill*         0x0000000000002ce4        0xc 
 .text          0x0000000000002cf0     0x2aa8 lauxlib.o
                0x00000000000033f0                luaL_where
                0x0000000000003490                luaL_error
                0x0000000000003550                luaL_argerror
                0x0000000000003760                luaL_fileresult
                0x0000000000003850                luaL_execresult
                0x00000000000038e0                luaL_newmetatable
                0x00000000000039c0                luaL_setmetatable
                0x0000000000003a10                luaL_testudata
                0x0000000000003ae0                luaL_checkstack
                0x0000000000003b50                luaL_traceback
                0x0000000000003ec0                luaL_checkany
                0x0000000000003f10                luaL_pushresult
                0x0000000000003f90                luaL_pushresultsize
                0x0000000000003fa0                luaL_buffinit
                0x0000000000003fc0                luaL_ref
                0x00000000000040f0                luaL_unref
                0x0000000000004190                luaL_loadfilex
                0x0000000000004450                luaL_loadbufferx
                0x0000000000004480                luaL_loadstring
                0x00000000000044e0                luaL_getmetafield
                0x00000000000045b0                luaL_typeerror
                0x0000000000004690                luaL_checkudata
                0x00000000000046f0                luaL_checktype
                0x0000000000004760                luaL_checklstring
                0x00000000000047e0                luaL_optlstring
                0x0000000000004870                luaL_checkoption
                0x0000000000004930                luaL_checknumber
                0x00000000000049a0                luaL_optnumber
                0x0000000000004a00                luaL_checkinteger
                0x0000000000004ac0                luaL_optinteger
                0x0000000000004b20                luaL_callmeta
                0x0000000000004ba0                luaL_len
                0x0000000000004c20                luaL_tolstring
                0x0000000000004ee0                luaL_setfuncs
                0x0000000000005150                luaL_prepbuffsize
                0x0000000000005200                luaL_addlstring
                0x0000000000005210                luaL_addstring
                0x0000000000005260                luaL_addvalue
                0x0000000000005310                luaL_buffinitsize
                0x0000000000005350                luaL_getsubtable
                0x0000000000005420                luaL_requiref
                0x0000000000005590                luaL_gsub
                0x0000000000005670                luaL_newstate
                0x0000000000005710                luaL_checkversion_
 *fill*         0x0000000000005798        0x8 
 .text          0x00000000000057a0     0x1424 ldebug.o
                0x0000000000005d40                luaG_getfuncline
                0x0000000000005e40                lua_sethook
                0x0000000000005eb0                lua_gethook
                0x0000000000005ec0                lua_gethookmask
                0x0000000000005ed0                lua_gethookcount
                0x0000000000005ee0                lua_getstack
                0x0000000000005f30                luaG_findlocal
                0x0000000000006060                lua_getlocal
                0x00000000000060f0                lua_setlocal
                0x0000000000006140                lua_getinfo
                0x0000000000006620                luaG_addinfo
                0x00000000000066b0                luaG_errormsg
                0x0000000000006720                luaG_runerror
                0x0000000000006800                luaG_typeerror
                0x0000000000006850                luaG_concaterror
                0x0000000000006880                luaG_opinterror
                0x00000000000068a0                luaG_forerror
                0x00000000000068d0                luaG_tointerror
                0x0000000000006940                luaG_ordererror
                0x00000000000069c0                luaG_traceexec
 *fill*         0x0000000000006bc4        0xc 
 .text          0x0000000000006bd0     0x15d0 ldo.o
                0x0000000000006c20                luaD_seterrorobj
                0x0000000000006cf0                luaD_throw
                0x0000000000006f20                luaD_rawrunprotected
                0x0000000000006fb0                luaD_reallocstack
                0x00000000000070f0                luaD_growstack
                0x00000000000071e0                luaD_shrinkstack
                0x0000000000007290                luaD_inctop
                0x00000000000072f0                luaD_hook
                0x0000000000007410                luaD_hookcall
                0x0000000000007480                luaD_tryfuncTM
                0x0000000000007510                luaD_poscall
                0x0000000000007860                luaD_pretailcall
                0x0000000000007990                luaD_call
                0x0000000000007c90                luaD_callnoyield
                0x0000000000007d20                lua_resume
                0x0000000000007f80                lua_isyieldable
                0x0000000000007f90                lua_yieldk
                0x0000000000008020                luaD_pcall
                0x00000000000080c0                luaD_protectedparser
 .text          0x00000000000081a0     0x12c0 loadlib.o
                0x0000000000009190                luaopen_package
 .text          0x0000000000009460     0x1028 lmathlib.o
                0x000000000000a330                luaopen_math
 *fill*         0x000000000000a488        0x8 
 .text          0x000000000000a490      0x818 lstate.o
                0x000000000000a5f0                luaE_setdebt
                0x000000000000a620                luaE_freeCI
                0x000000000000a700                luaE_enterCcall
                0x000000000000a720                luaE_extendCI
                0x000000000000a840                lua_newstate
                0x000000000000aa00                luaE_shrinkCI
                0x000000000000aa90                lua_newthread
                0x000000000000ab80                luaE_freethread
                0x000000000000abe0                lua_resetthread
                0x000000000000ac80                lua_close
                0x000000000000ac90                luaE_warning
 *fill*         0x000000000000aca8        0x8 
 .text          0x000000000000acb0     0x3fa0 lstrlib.o
                0x000000000000eb30                luaopen_string
 .text          0x000000000000ec50      0xcd0 loslib.o
                0x000000000000f8b0                luaopen_os
 .text          0x000000000000f920     0x1874 lbaselib.o
                0x00000000000110e0                luaopen_base
 *fill*         0x0000000000011194        0xc 
 .text          0x00000000000111a0      0xc48 lutf8lib.o
                0x0000000000011d40                luaopen_utf8
 *fill*         0x0000000000011de8        0x8 
 .text          0x0000000000011df0     0x357c lparser.o
                0x0000000000015150                luaY_parser
 *fill*         0x000000000001536c        0x4 
 .text          0x0000000000015370     0x16f8 llex.o
                0x00000000000153e0                luaX_init
                0x0000000000015470                luaX_token2str
                0x0000000000015af0                luaX_syntaxerror
                0x0000000000015b00                luaX_newstring
                0x0000000000016960                luaX_setinput
                0x00000000000169e0                luaX_next
                0x0000000000016a40                luaX_lookahead
 *fill*         0x0000000000016a68        0x8 
 .text          0x0000000000016a70     0x17a0 ldblib.o
                0x00000000000181a0                luaopen_debug
 .text          0x0000000000018210      0x128 lzio.o
                0x0000000000018210                luaZ_fill
                0x0000000000018260                luaZ_init
                0x0000000000018270                luaZ_read
 *fill*         0x0000000000018338        0x8 
 .text          0x0000000000018340     0x115c ltablib.o
                0x0000000000019430                luaopen_table
 *fill*         0x000000000001949c        0x4 
 .text          0x00000000000194a0     0x1304 ltable.o
                0x0000000000019770                luaH_realasize
                0x00000000000197b0                luaH_next
                0x0000000000019980                luaH_new
                0x00000000000199c0                luaH_free
                0x0000000000019a10                luaH_getint
                0x0000000000019af0                luaH_getshortstr
                0x0000000000019b50                luaH_getstr
                0x0000000000019bf0                luaH_get
                0x0000000000019d00                luaH_setint
                0x0000000000019d90                luaH_resize
                0x000000000001a0b0                luaH_resizearray
                0x000000000001a0d0                luaH_newkey
                0x000000000001a510                luaH_set
                0x000000000001a570                luaH_getn
 *fill*         0x000000000001a7a4        0xc 
 .text          0x000000000001a7b0       0x78 linit.o
                0x000000000001a7b0                luaL_openlibs
 *fill*         0x000000000001a828        0x8 
 .text          0x000000000001a830      0x7d8 ltm.o
                0x000000000001a830                luaT_init
                0x000000000001a8b0                luaT_gettm
                0x000000000001a910                luaT_gettmbyobj
                0x000000000001a970                luaT_objtypename
                0x000000000001aa20                luaT_callTM
                0x000000000001aa90                luaT_callTMres
                0x000000000001abe0                luaT_trybinTM
                0x000000000001aca0                luaT_trybinassocTM
                0x000000000001acc0                luaT_trybiniTM
                0x000000000001acf0                luaT_callorderTM
                0x000000000001ad80                luaT_callorderiTM
                0x000000000001adc0                luaT_adjustvarargs
                0x000000000001aee0                luaT_getvarargs
 *fill*         0x000000000001b008        0x8 
 .text          0x000000000001b010     0x28e4 lgc.o
                0x000000000001cff0                luaC_barrier_
                0x000000000001d060                luaC_barrierback_
                0x000000000001d110                luaC_fix
                0x000000000001d140                luaC_newobj
                0x000000000001d190                luaC_checkfinalizer
                0x000000000001d2e0                luaC_changemode
                0x000000000001d340                luaC_freeallobjects
                0x000000000001d410                luaC_runtilstate
                0x000000000001d460                luaC_step
                0x000000000001d7e0                luaC_fullgc
 *fill*         0x000000000001d8f4        0xc 
 .text          0x000000000001d900      0x7f0 lstring.o
                0x000000000001d950                luaS_eqlngstr
                0x000000000001d9b0                luaS_hash
                0x000000000001d9f0                luaS_hashlongstr
                0x000000000001da50                luaS_resize
                0x000000000001dd40                luaS_clearcache
                0x000000000001dd90                luaS_init
                0x000000000001de40                luaS_createlngstrobj
                0x000000000001de90                luaS_remove
                0x000000000001def0                luaS_newlstr
                0x000000000001df60                luaS_new
                0x000000000001e040                luaS_newudata
 .text          0x000000000001e0f0     0x4940 lvm.o
                0x000000000001e340                luaV_tonumber_
                0x000000000001e400                luaV_flttointeger
                0x000000000001e680                luaV_tointegerns
                0x000000000001e6c0                luaV_tointeger
                0x000000000001e880                luaV_finishget
                0x000000000001e9d0                luaV_finishset
                0x000000000001ebd0                luaV_lessthan
                0x000000000001ec10                luaV_lessequal
                0x000000000001ec50                luaV_equalobj
                0x000000000001eec0                luaV_concat
                0x000000000001f160                luaV_objlen
                0x000000000001f270                luaV_idiv
                0x000000000001f2c0                luaV_mod
                0x000000000001f310                luaV_modf
                0x000000000001f380                luaV_shiftl
                0x000000000001f3b0                luaV_finishOp
                0x000000000001f4f0                luaV_execute
 .text          0x0000000000022a30     0x2940 lcode.o
                0x0000000000023560                luaK_semerror
                0x0000000000023570                luaK_nil
                0x0000000000023630                luaK_concat
                0x00000000000236a0                luaK_jump
                0x00000000000236b0                luaK_ret
                0x00000000000236e0                luaK_getlabel
                0x0000000000023700                luaK_patchlist
                0x0000000000023710                luaK_patchtohere
                0x0000000000023730                luaK_codeABCk
                0x0000000000023750                luaK_codeABx
                0x0000000000023760                luaK_codeAsBx
                0x0000000000023780                luaK_checkstack
                0x00000000000237c0                luaK_reserveregs
                0x0000000000023810                luaK_stringK
                0x0000000000023840                luaK_int
                0x00000000000238d0                luaK_setreturns
                0x0000000000023930                luaK_setoneret
                0x00000000000239a0                luaK_dischargevars
                0x0000000000023f30                luaK_exp2nextreg
                0x0000000000023f90                luaK_exp2anyreg
                0x00000000000243d0                luaK_exp2anyregup
                0x00000000000243f0                luaK_exp2val
                0x0000000000024410                luaK_exp2RK
                0x00000000000244d0                luaK_storevar
                0x0000000000024610                luaK_self
                0x00000000000246c0                luaK_goiftrue
                0x0000000000024770                luaK_goiffalse
                0x0000000000024810                luaK_isKint
                0x0000000000024840                luaK_indexed
                0x00000000000249a0                luaK_prefix
                0x0000000000024b60                luaK_infix
                0x0000000000024c60                luaK_posfix
                0x0000000000025140                luaK_fixline
                0x0000000000025170                luaK_setlist
                0x0000000000025240                luaK_finish
 .text          0x0000000000025370      0xa9c lundump.o
                0x0000000000025ba0                luaU_undump
 *fill*         0x0000000000025e0c        0x4 
 .text          0x0000000000025e10      0x730 lcorolib.o
                0x00000000000264d0                luaopen_coroutine
 .text          0x0000000000026540     0x26d8 lapi.o
                0x0000000000026710                index2value
                0x00000000000267c0                lua_checkstack
                0x0000000000026870                lua_xmove
                0x00000000000268e0                lua_atpanic
                0x00000000000268f0                lua_version
                0x0000000000026900                lua_absindex
                0x0000000000026940                lua_gettop
                0x0000000000026960                lua_settop
                0x00000000000269b0                lua_rotate
                0x0000000000026aa0                lua_copy
                0x0000000000026b30                lua_pushvalue
                0x0000000000026b70                lua_type
                0x0000000000026bb0                lua_typename
                0x0000000000026bd0                lua_iscfunction
                0x0000000000026c00                lua_isinteger
                0x0000000000026c20                lua_isnumber
                0x0000000000026c60                lua_isstring
                0x0000000000026c90                lua_isuserdata
                0x0000000000026cc0                lua_rawequal
                0x0000000000026d40                lua_arith
                0x0000000000026da0                lua_compare
                0x0000000000026e70                lua_stringtonumber
                0x0000000000026eb0                lua_tonumberx
                0x0000000000026f10                lua_tointegerx
                0x0000000000026f70                lua_toboolean
                0x0000000000026fc0                lua_tolstring
                0x0000000000027080                lua_rawlen
                0x00000000000270f0                lua_tocfunction
                0x0000000000027140                lua_touserdata
                0x00000000000271b0                lua_tothread
                0x00000000000271e0                lua_topointer
                0x0000000000027270                lua_pushnil
                0x0000000000027280                lua_pushnumber
                0x00000000000272a0                lua_pushinteger
                0x00000000000272c0                lua_pushlstring
                0x0000000000027330                lua_pushstring
                0x00000000000273a0                lua_pushvfstring
                0x0000000000027400                lua_pushfstring
                0x00000000000274b0                lua_pushcclosure
                0x00000000000275a0                lua_pushboolean
                0x00000000000275d0                lua_pushlightuserdata
                0x00000000000275f0                lua_pushthread
                0x0000000000027620                lua_getglobal
                0x0000000000027660                lua_gettable
                0x0000000000027700                lua_getfield
                0x0000000000027730                lua_geti
                0x0000000000027810                lua_rawget
                0x0000000000027890                lua_rawgeti
                0x0000000000027910                lua_rawgetp
                0x00000000000279a0                lua_createtable
                0x0000000000027a30                lua_getmetatable
                0x0000000000027ab0                lua_getiuservalue
                0x0000000000027b20                lua_setglobal
                0x0000000000027b60                lua_settable
                0x0000000000027c30                lua_setfield
                0x0000000000027c60                lua_seti
                0x0000000000027d70                lua_rawset
                0x0000000000027e00                lua_rawseti
                0x0000000000027e80                lua_rawsetp
                0x0000000000027f20                lua_setmetatable
                0x0000000000028070                lua_setiuservalue
                0x0000000000028110                lua_callk
                0x00000000000281a0                lua_pcallk
                0x00000000000282c0                lua_load
                0x00000000000283a0                lua_dump
                0x00000000000283d0                lua_status
                0x00000000000283e0                lua_gc
                0x00000000000286b0                lua_error
                0x00000000000286c0                lua_next
                0x0000000000028720                lua_toclose
                0x0000000000028790                lua_concat
                0x0000000000028820                lua_len
                0x0000000000028860                lua_getallocf
                0x0000000000028880                lua_setallocf
                0x0000000000028890                lua_setwarnf
                0x00000000000288a0                lua_warning
                0x00000000000288b0                lua_newuserdatauv
                0x0000000000028920                lua_getupvalue
                0x0000000000028a10                lua_setupvalue
                0x0000000000028b30                lua_upvalueid
                0x0000000000028ba0                lua_upvaluejoin
 *fill*         0x0000000000028c18        0x8 
 .text          0x0000000000028c20      0x6e8 lfunc.o
                0x0000000000028d60                luaF_newCclosure
                0x0000000000028da0                luaF_newLclosure
                0x0000000000028e10                luaF_initupvals
                0x0000000000028eb0                luaF_findupval
                0x0000000000028f20                luaF_newtbcupval
                0x0000000000028fb0                luaF_unlinkupval
                0x0000000000028fd0                luaF_close
                0x00000000000291b0                luaF_newproto
                0x00000000000291f0                luaF_freeproto
                0x00000000000292a0                luaF_getlocalname
 *fill*         0x0000000000029308        0x8 
 .text          0x0000000000029310     0x10f4 lobject.o
                0x00000000000295a0                luaO_int2fb
                0x0000000000029620                luaO_fb2int
                0x0000000000029640                luaO_ceillog2
                0x0000000000029680                luaO_rawarith
                0x0000000000029850                luaO_arith
                0x00000000000298c0                luaO_hexavalue
                0x00000000000298f0                luaO_str2num
                0x0000000000029bc0                luaO_utf8esc
                0x0000000000029be0                luaO_tostring
                0x0000000000029cf0                luaO_pushfstring
                0x0000000000029d70                luaO_pushvfstring
                0x000000000002a220                luaO_chunkid
 *fill*         0x000000000002a404        0xc 
 .text          0x000000000002a410      0x7d0 ldump.o
                0x000000000002aa20                luaU_dump
 .text.__nx_dynamic
                0x000000000002abe0       0xa0 /opt/devkitpro//libnx/lib/libnx.a(dynamic.o)
                0x000000000002abe0                __nx_dynamic
 .text.__libnx_initheap
                0x000000000002ac80       0xd8 /opt/devkitpro//libnx/lib/libnx.a(init.o)
                0x000000000002ac80                __libnx_initheap
 *fill*         0x000000000002ad58        0x8 
 .text.__appInit
                0x000000000002ad60       0xa0 /opt/devkitpro//libnx/lib/libnx.a(init.o)
                0x000000000002ad60                __appInit
 .text.__appExit
                0x000000000002ae00       0x44 /opt/devkitpro//libnx/lib/libnx.a(init.o)
                0x000000000002ae00                __appExit
 *fill*         0x000000000002ae44        0xc 
 .text.mutexInit
                0x000000000002ae50        0x8 /opt/devkitpro//libnx/lib/libnx.a(newlib.o)
 *fill*         0x000000000002ae58        0x8 
 .text.rmutexInit
                0x000000000002ae60        0xc /opt/devkitpro//libnx/lib/libnx.a(newlib.o)
 *fill*         0x000000000002ae6c        0x4 
 .text.__libnx_gtod
                0x000000000002ae70       0x8c /opt/devkitpro//libnx/lib/libnx.a(newlib.o)
                0x000000000002ae70                __libnx_gtod
 *fill*         0x000000000002aefc        0x4 
 .text.__libnx_clock_settime
                0x000000000002af00       0x20 /opt/devkitpro//libnx/lib/libnx.a(newlib.o)
                0x000000000002af00                __libnx_clock_settime
 .text.__libnx_nanosleep
                0x000000000002af20       0x28 /opt/devkitpro//libnx/lib/libnx.a(newlib.o)
                0x000000000002af20                __libnx_nanosleep
 *fill*         0x000000000002af48        0x8 
 .text.__libnx_get_reent
                0x000000000002af50       0x34 /opt/devkitpro//libnx/lib/libnx.a(newlib.o)
 *fill*         0x000000000002af84        0xc 
 .text.__libnx_clock_gettime
                0x000000000002af90       0xf8 /opt/devkitpro//libnx/lib/libnx.a(newlib.o)
                0x000000000002af90                __libnx_clock_gettime
 *fill*         0x000000000002b088        0x8 
 .text.__libnx_clock_getres
                0x000000000002b090       0x58 /opt/devkitpro//libnx/lib/libnx.a(newlib.o)
                0x000000000002b090                __libnx_clock_getres
 *fill*         0x000000000002b0e8        0x8 
 .text.__libnx_init_time
                0x000000000002b0f0      0x27c /opt/devkitpro//libnx/lib/libnx.a(newlib.o)
                0x000000000002b0f0                __libnx_init_time
 *fill*         0x000000000002b36c        0x4 
 .text.newlibSetup
                0x000000000002b370      0x118 /opt/devkitpro//libnx/lib/libnx.a(newlib.o)
                0x000000000002b370                newlibSetup
 *fill*         0x000000000002b488        0x8 
 .text.argvSetup
                0x000000000002b490      0x368 /opt/devkitpro//libnx/lib/libnx.a(argv.o)
                0x000000000002b490                argvSetup
 *fill*         0x000000000002b7f8        0x8 
 .text.fsdev_link
                0x000000000002b800       0x10 /opt/devkitpro//libnx/lib/libnx.a(fs_dev.o)
 .text.fsdev_dirreset
                0x000000000002b810       0x10 /opt/devkitpro//libnx/lib/libnx.a(fs_dev.o)
 .text.fsdev_chmod
                0x000000000002b820       0x10 /opt/devkitpro//libnx/lib/libnx.a(fs_dev.o)
 .text.error_cmp
                0x000000000002b830       0x1c /opt/devkitpro//libnx/lib/libnx.a(fs_dev.o)
 *fill*         0x000000000002b84c        0x4 
 .text.fsdev_translate_error
                0x000000000002b850       0x58 /opt/devkitpro//libnx/lib/libnx.a(fs_dev.o)
 *fill*         0x000000000002b8a8        0x8 
 .text.fsdev_fsync
                0x000000000002b8b0       0x40 /opt/devkitpro//libnx/lib/libnx.a(fs_dev.o)
 .text.fsdev_ftruncate
                0x000000000002b8f0       0x60 /opt/devkitpro//libnx/lib/libnx.a(fs_dev.o)
 .text.fsdev_dirclose
                0x000000000002b950       0x20 /opt/devkitpro//libnx/lib/libnx.a(fs_dev.o)
 .text.fsdev_dirnext
                0x000000000002b970      0x16c /opt/devkitpro//libnx/lib/libnx.a(fs_dev.o)
 *fill*         0x000000000002badc        0x4 
 .text.fsdev_close
                0x000000000002bae0       0x1c /opt/devkitpro//libnx/lib/libnx.a(fs_dev.o)
 *fill*         0x000000000002bafc        0x4 
 .text.fsdev_fstat
                0x000000000002bb00       0xa4 /opt/devkitpro//libnx/lib/libnx.a(fs_dev.o)
 *fill*         0x000000000002bba4        0xc 
 .text.fsdev_seek
                0x000000000002bbb0       0xb0 /opt/devkitpro//libnx/lib/libnx.a(fs_dev.o)
 .text.fsdev_read
                0x000000000002bc60      0x198 /opt/devkitpro//libnx/lib/libnx.a(fs_dev.o)
 *fill*         0x000000000002bdf8        0x8 
 .text.fsdev_write
                0x000000000002be00      0x1a0 /opt/devkitpro//libnx/lib/libnx.a(fs_dev.o)
 .text.fsdevFindDevice
                0x000000000002bfa0      0x120 /opt/devkitpro//libnx/lib/libnx.a(fs_dev.o)
 .text._fsdevMountDevice
                0x000000000002c0c0      0x168 /opt/devkitpro//libnx/lib/libnx.a(fs_dev.o)
 *fill*         0x000000000002c228        0x8 
 .text.fsdev_getfspath
                0x000000000002c230      0x1fc /opt/devkitpro//libnx/lib/libnx.a(fs_dev.o)
 *fill*         0x000000000002c42c        0x4 
 .text.fsdev_rmdir
                0x000000000002c430       0x70 /opt/devkitpro//libnx/lib/libnx.a(fs_dev.o)
 .text.fsdev_statvfs
                0x000000000002c4a0       0xd4 /opt/devkitpro//libnx/lib/libnx.a(fs_dev.o)
 *fill*         0x000000000002c574        0xc 
 .text.fsdev_diropen
                0x000000000002c580       0xec /opt/devkitpro//libnx/lib/libnx.a(fs_dev.o)
 *fill*         0x000000000002c66c        0x4 
 .text.fsdev_mkdir
                0x000000000002c670       0x70 /opt/devkitpro//libnx/lib/libnx.a(fs_dev.o)
 .text.fsdev_rename
                0x000000000002c6e0      0x114 /opt/devkitpro//libnx/lib/libnx.a(fs_dev.o)
 *fill*         0x000000000002c7f4        0xc 
 .text.fsdev_chdir
                0x000000000002c800       0xe8 /opt/devkitpro//libnx/lib/libnx.a(fs_dev.o)
 *fill*         0x000000000002c8e8        0x8 
 .text.fsdev_unlink
                0x000000000002c8f0       0x70 /opt/devkitpro//libnx/lib/libnx.a(fs_dev.o)
 .text.fsdev_stat
                0x000000000002c960      0x1bc /opt/devkitpro//libnx/lib/libnx.a(fs_dev.o)
 *fill*         0x000000000002cb1c        0x4 
 .text.fsdev_open
                0x000000000002cb20      0x19c /opt/devkitpro//libnx/lib/libnx.a(fs_dev.o)
 *fill*         0x000000000002ccbc        0x4 
 .text._fsdevUnmountDeviceStruct.part.4
                0x000000000002ccc0       0xb8 /opt/devkitpro//libnx/lib/libnx.a(fs_dev.o)
 *fill*         0x000000000002cd78        0x8 
 .text.fsdev_fchmod
                0x000000000002cd80       0x10 /opt/devkitpro//libnx/lib/libnx.a(fs_dev.o)
 .text.fsdevMountDevice
                0x000000000002cd90       0x14 /opt/devkitpro//libnx/lib/libnx.a(fs_dev.o)
                0x000000000002cd90                fsdevMountDevice
 *fill*         0x000000000002cda4        0xc 
 .text.fsdevUnmountDevice
                0x000000000002cdb0       0x3c /opt/devkitpro//libnx/lib/libnx.a(fs_dev.o)
                0x000000000002cdb0                fsdevUnmountDevice
 *fill*         0x000000000002cdec        0x4 
 .text.fsdevCommitDevice
                0x000000000002cdf0       0x28 /opt/devkitpro//libnx/lib/libnx.a(fs_dev.o)
                0x000000000002cdf0                fsdevCommitDevice
 *fill*         0x000000000002ce18        0x8 
 .text.fsdevSetArchiveBit
                0x000000000002ce20       0x68 /opt/devkitpro//libnx/lib/libnx.a(fs_dev.o)
                0x000000000002ce20                fsdevSetArchiveBit
 *fill*         0x000000000002ce88        0x8 
 .text.fsdevMountSdmc
                0x000000000002ce90      0x158 /opt/devkitpro//libnx/lib/libnx.a(fs_dev.o)
                0x000000000002ce90                fsdevMountSdmc
 *fill*         0x000000000002cfe8        0x8 
 .text.fsdevUnmountAll
                0x000000000002cff0       0x64 /opt/devkitpro//libnx/lib/libnx.a(fs_dev.o)
                0x000000000002cff0                fsdevUnmountAll
 *fill*         0x000000000002d054        0xc 
 .text.fsdevGetDeviceFileSystem
                0x000000000002d060       0x20 /opt/devkitpro//libnx/lib/libnx.a(fs_dev.o)
                0x000000000002d060                fsdevGetDeviceFileSystem
 .text.fsdevGetDefaultFileSystem
                0x000000000002d080       0x40 /opt/devkitpro//libnx/lib/libnx.a(fs_dev.o)
                0x000000000002d080                fsdevGetDefaultFileSystem
 .text.fsdev_getmtime
                0x000000000002d0c0       0x20 /opt/devkitpro//libnx/lib/libnx.a(fs_dev.o)
                0x000000000002d0c0                fsdev_getmtime
 .text.decode_utf8
                0x000000000002d0e0      0x12c /opt/devkitpro//libnx/lib/libnx.a(decode_utf8.o)
                0x000000000002d0e0                decode_utf8
 .text.svcSetHeapSize
                0x000000000002d20c       0x14 /opt/devkitpro//libnx/lib/libnx.a(svc.o)
                0x000000000002d20c                svcSetHeapSize
 .text.svcSetMemoryPermission
                0x000000000002d220        0x8 /opt/devkitpro//libnx/lib/libnx.a(svc.o)
                0x000000000002d220                svcSetMemoryPermission
 .text.svcSetMemoryAttribute
                0x000000000002d228        0x8 /opt/devkitpro//libnx/lib/libnx.a(svc.o)
                0x000000000002d228                svcSetMemoryAttribute
 .text.svcMapMemory
                0x000000000002d230        0x8 /opt/devkitpro//libnx/lib/libnx.a(svc.o)
                0x000000000002d230                svcMapMemory
 .text.svcUnmapMemory
                0x000000000002d238        0x8 /opt/devkitpro//libnx/lib/libnx.a(svc.o)
                0x000000000002d238                svcUnmapMemory
 .text.svcQueryMemory
                0x000000000002d240       0x14 /opt/devkitpro//libnx/lib/libnx.a(svc.o)
                0x000000000002d240                svcQueryMemory
 .text.svcExitProcess
                0x000000000002d254        0x8 /opt/devkitpro//libnx/lib/libnx.a(svc.o)
                0x000000000002d254                svcExitProcess
 .text.svcCreateThread
                0x000000000002d25c       0x14 /opt/devkitpro//libnx/lib/libnx.a(svc.o)
                0x000000000002d25c                svcCreateThread
 .text.svcStartThread
                0x000000000002d270        0x8 /opt/devkitpro//libnx/lib/libnx.a(svc.o)
                0x000000000002d270                svcStartThread
 .text.svcExitThread
                0x000000000002d278        0x8 /opt/devkitpro//libnx/lib/libnx.a(svc.o)
                0x000000000002d278                svcExitThread
 .text.svcSleepThread
                0x000000000002d280        0x8 /opt/devkitpro//libnx/lib/libnx.a(svc.o)
                0x000000000002d280                svcSleepThread
 .text.svcGetThreadPriority
                0x000000000002d288       0x14 /opt/devkitpro//libnx/lib/libnx.a(svc.o)
                0x000000000002d288                svcGetThreadPriority
 .text.svcSetThreadPriority
                0x000000000002d29c        0x8 /opt/devkitpro//libnx/lib/libnx.a(svc.o)
                0x000000000002d29c                svcSetThreadPriority
 .text.svcGetThreadCoreMask
                0x000000000002d2a4       0x18 /opt/devkitpro//libnx/lib/libnx.a(svc.o)
                0x000000000002d2a4                svcGetThreadCoreMask
 .text.svcSetThreadCoreMask
                0x000000000002d2bc        0x8 /opt/devkitpro//libnx/lib/libnx.a(svc.o)
                0x000000000002d2bc                svcSetThreadCoreMask
 .text.svcGetCurrentProcessorNumber
                0x000000000002d2c4        0x8 /opt/devkitpro//libnx/lib/libnx.a(svc.o)
                0x000000000002d2c4                svcGetCurrentProcessorNumber
 .text.svcSignalEvent
                0x000000000002d2cc        0x8 /opt/devkitpro//libnx/lib/libnx.a(svc.o)
                0x000000000002d2cc                svcSignalEvent
 .text.svcClearEvent
                0x000000000002d2d4        0x8 /opt/devkitpro//libnx/lib/libnx.a(svc.o)
                0x000000000002d2d4                svcClearEvent
 .text.svcMapSharedMemory
                0x000000000002d2dc        0x8 /opt/devkitpro//libnx/lib/libnx.a(svc.o)
                0x000000000002d2dc                svcMapSharedMemory
 .text.svcUnmapSharedMemory
                0x000000000002d2e4        0x8 /opt/devkitpro//libnx/lib/libnx.a(svc.o)
                0x000000000002d2e4                svcUnmapSharedMemory
 .text.svcCreateTransferMemory
                0x000000000002d2ec       0x14 /opt/devkitpro//libnx/lib/libnx.a(svc.o)
                0x000000000002d2ec                svcCreateTransferMemory
 .text.svcCloseHandle
                0x000000000002d300        0x8 /opt/devkitpro//libnx/lib/libnx.a(svc.o)
                0x000000000002d300                svcCloseHandle
 .text.svcResetSignal
                0x000000000002d308        0x8 /opt/devkitpro//libnx/lib/libnx.a(svc.o)
                0x000000000002d308                svcResetSignal
 .text.svcWaitSynchronization
                0x000000000002d310       0x14 /opt/devkitpro//libnx/lib/libnx.a(svc.o)
                0x000000000002d310                svcWaitSynchronization
 .text.svcCancelSynchronization
                0x000000000002d324        0x8 /opt/devkitpro//libnx/lib/libnx.a(svc.o)
                0x000000000002d324                svcCancelSynchronization
 .text.svcArbitrateLock
                0x000000000002d32c        0x8 /opt/devkitpro//libnx/lib/libnx.a(svc.o)
                0x000000000002d32c                svcArbitrateLock
 .text.svcArbitrateUnlock
                0x000000000002d334        0x8 /opt/devkitpro//libnx/lib/libnx.a(svc.o)
                0x000000000002d334                svcArbitrateUnlock
 .text.svcWaitProcessWideKeyAtomic
                0x000000000002d33c        0x8 /opt/devkitpro//libnx/lib/libnx.a(svc.o)
                0x000000000002d33c                svcWaitProcessWideKeyAtomic
 .text.svcSignalProcessWideKey
                0x000000000002d344        0x8 /opt/devkitpro//libnx/lib/libnx.a(svc.o)
                0x000000000002d344                svcSignalProcessWideKey
 .text.svcGetSystemTick
                0x000000000002d34c        0x8 /opt/devkitpro//libnx/lib/libnx.a(svc.o)
                0x000000000002d34c                svcGetSystemTick
 .text.svcConnectToNamedPort
                0x000000000002d354       0x14 /opt/devkitpro//libnx/lib/libnx.a(svc.o)
                0x000000000002d354                svcConnectToNamedPort
 .text.svcSendSyncRequest
                0x000000000002d368        0x8 /opt/devkitpro//libnx/lib/libnx.a(svc.o)
                0x000000000002d368                svcSendSyncRequest
 .text.svcSendSyncRequestWithUserBuffer
                0x000000000002d370        0x8 /opt/devkitpro//libnx/lib/libnx.a(svc.o)
                0x000000000002d370                svcSendSyncRequestWithUserBuffer
 .text.svcSendAsyncRequestWithUserBuffer
                0x000000000002d378       0x14 /opt/devkitpro//libnx/lib/libnx.a(svc.o)
                0x000000000002d378                svcSendAsyncRequestWithUserBuffer
 .text.svcGetProcessId
                0x000000000002d38c       0x14 /opt/devkitpro//libnx/lib/libnx.a(svc.o)
                0x000000000002d38c                svcGetProcessId
 .text.svcGetThreadId
                0x000000000002d3a0       0x14 /opt/devkitpro//libnx/lib/libnx.a(svc.o)
                0x000000000002d3a0                svcGetThreadId
 .text.svcBreak
                0x000000000002d3b4        0x8 /opt/devkitpro//libnx/lib/libnx.a(svc.o)
                0x000000000002d3b4                svcBreak
 .text.svcOutputDebugString
                0x000000000002d3bc        0x8 /opt/devkitpro//libnx/lib/libnx.a(svc.o)
                0x000000000002d3bc                svcOutputDebugString
 .text.svcReturnFromException
                0x000000000002d3c4        0x8 /opt/devkitpro//libnx/lib/libnx.a(svc.o)
                0x000000000002d3c4                svcReturnFromException
 .text.svcGetInfo
                0x000000000002d3cc       0x14 /opt/devkitpro//libnx/lib/libnx.a(svc.o)
                0x000000000002d3cc                svcGetInfo
 .text.svcMapPhysicalMemory
                0x000000000002d3e0        0x8 /opt/devkitpro//libnx/lib/libnx.a(svc.o)
                0x000000000002d3e0                svcMapPhysicalMemory
 .text.svcUnmapPhysicalMemory
                0x000000000002d3e8        0x8 /opt/devkitpro//libnx/lib/libnx.a(svc.o)
                0x000000000002d3e8                svcUnmapPhysicalMemory
 .text.svcGetResourceLimitLimitValue
                0x000000000002d3f0       0x14 /opt/devkitpro//libnx/lib/libnx.a(svc.o)
                0x000000000002d3f0                svcGetResourceLimitLimitValue
 .text.svcGetResourceLimitCurrentValue
                0x000000000002d404       0x14 /opt/devkitpro//libnx/lib/libnx.a(svc.o)
                0x000000000002d404                svcGetResourceLimitCurrentValue
 .text.svcSetThreadActivity
                0x000000000002d418        0x8 /opt/devkitpro//libnx/lib/libnx.a(svc.o)
                0x000000000002d418                svcSetThreadActivity
 .text.svcGetThreadContext3
                0x000000000002d420        0x8 /opt/devkitpro//libnx/lib/libnx.a(svc.o)
                0x000000000002d420                svcGetThreadContext3
 .text.svcCreateSession
                0x000000000002d428       0x18 /opt/devkitpro//libnx/lib/libnx.a(svc.o)
                0x000000000002d428                svcCreateSession
 .text.svcAcceptSession
                0x000000000002d440       0x14 /opt/devkitpro//libnx/lib/libnx.a(svc.o)
                0x000000000002d440                svcAcceptSession
 .text.svcReplyAndReceive
                0x000000000002d454       0x14 /opt/devkitpro//libnx/lib/libnx.a(svc.o)
                0x000000000002d454                svcReplyAndReceive
 .text.svcReplyAndReceiveWithUserBuffer
                0x000000000002d468       0x14 /opt/devkitpro//libnx/lib/libnx.a(svc.o)
                0x000000000002d468                svcReplyAndReceiveWithUserBuffer
 .text.svcCreateEvent
                0x000000000002d47c       0x18 /opt/devkitpro//libnx/lib/libnx.a(svc.o)
                0x000000000002d47c                svcCreateEvent
 .text.svcMapPhysicalMemoryUnsafe
                0x000000000002d494        0x8 /opt/devkitpro//libnx/lib/libnx.a(svc.o)
                0x000000000002d494                svcMapPhysicalMemoryUnsafe
 .text.svcUnmapPhysicalMemoryUnsafe
                0x000000000002d49c        0x8 /opt/devkitpro//libnx/lib/libnx.a(svc.o)
                0x000000000002d49c                svcUnmapPhysicalMemoryUnsafe
 .text.svcSetUnsafeLimit
                0x000000000002d4a4        0x8 /opt/devkitpro//libnx/lib/libnx.a(svc.o)
                0x000000000002d4a4                svcSetUnsafeLimit
 .text.svcCreateCodeMemory
                0x000000000002d4ac       0x14 /opt/devkitpro//libnx/lib/libnx.a(svc.o)
                0x000000000002d4ac                svcCreateCodeMemory
 .text.svcControlCodeMemory
                0x000000000002d4c0        0x8 /opt/devkitpro//libnx/lib/libnx.a(svc.o)
                0x000000000002d4c0                svcControlCodeMemory
 .text.svcReadWriteRegister
                0x000000000002d4c8       0x14 /opt/devkitpro//libnx/lib/libnx.a(svc.o)
                0x000000000002d4c8                svcReadWriteRegister
 .text.svcCreateSharedMemory
                0x000000000002d4dc       0x14 /opt/devkitpro//libnx/lib/libnx.a(svc.o)
                0x000000000002d4dc                svcCreateSharedMemory
 .text.svcMapTransferMemory
                0x000000000002d4f0        0x8 /opt/devkitpro//libnx/lib/libnx.a(svc.o)
                0x000000000002d4f0                svcMapTransferMemory
 .text.svcUnmapTransferMemory
                0x000000000002d4f8        0x8 /opt/devkitpro//libnx/lib/libnx.a(svc.o)
                0x000000000002d4f8                svcUnmapTransferMemory
 .text.svcCreateInterruptEvent
                0x000000000002d500       0x14 /opt/devkitpro//libnx/lib/libnx.a(svc.o)
                0x000000000002d500                svcCreateInterruptEvent
 .text.svcQueryPhysicalAddress
                0x000000000002d514       0x18 /opt/devkitpro//libnx/lib/libnx.a(svc.o)
                0x000000000002d514                svcQueryPhysicalAddress
 .text.svcQueryIoMapping
                0x000000000002d52c       0x14 /opt/devkitpro//libnx/lib/libnx.a(svc.o)
                0x000000000002d52c                svcQueryIoMapping
 .text.svcCreateDeviceAddressSpace
                0x000000000002d540       0x14 /opt/devkitpro//libnx/lib/libnx.a(svc.o)
                0x000000000002d540                svcCreateDeviceAddressSpace
 .text.svcAttachDeviceAddressSpace
                0x000000000002d554        0x8 /opt/devkitpro//libnx/lib/libnx.a(svc.o)
                0x000000000002d554                svcAttachDeviceAddressSpace
 .text.svcDetachDeviceAddressSpace
                0x000000000002d55c        0x8 /opt/devkitpro//libnx/lib/libnx.a(svc.o)
                0x000000000002d55c                svcDetachDeviceAddressSpace
 .text.svcMapDeviceAddressSpaceByForce
                0x000000000002d564        0x8 /opt/devkitpro//libnx/lib/libnx.a(svc.o)
                0x000000000002d564                svcMapDeviceAddressSpaceByForce
 .text.svcMapDeviceAddressSpaceAligned
                0x000000000002d56c        0x8 /opt/devkitpro//libnx/lib/libnx.a(svc.o)
                0x000000000002d56c                svcMapDeviceAddressSpaceAligned
 .text.svcUnmapDeviceAddressSpace
                0x000000000002d574        0x8 /opt/devkitpro//libnx/lib/libnx.a(svc.o)
                0x000000000002d574                svcUnmapDeviceAddressSpace
 .text.svcDebugActiveProcess
                0x000000000002d57c       0x14 /opt/devkitpro//libnx/lib/libnx.a(svc.o)
                0x000000000002d57c                svcDebugActiveProcess
 .text.svcBreakDebugProcess
                0x000000000002d590        0x8 /opt/devkitpro//libnx/lib/libnx.a(svc.o)
                0x000000000002d590                svcBreakDebugProcess
 .text.svcTerminateDebugProcess
                0x000000000002d598        0x8 /opt/devkitpro//libnx/lib/libnx.a(svc.o)
                0x000000000002d598                svcTerminateDebugProcess
 .text.svcGetDebugEvent
                0x000000000002d5a0        0x8 /opt/devkitpro//libnx/lib/libnx.a(svc.o)
                0x000000000002d5a0                svcGetDebugEvent
 .text.svcLegacyContinueDebugEvent
                0x000000000002d5a8        0x8 /opt/devkitpro//libnx/lib/libnx.a(svc.o)
                0x000000000002d5a8                svcLegacyContinueDebugEvent
 .text.svcContinueDebugEvent
                0x000000000002d5b0        0x8 /opt/devkitpro//libnx/lib/libnx.a(svc.o)
                0x000000000002d5b0                svcContinueDebugEvent
 .text.svcGetProcessList
                0x000000000002d5b8       0x14 /opt/devkitpro//libnx/lib/libnx.a(svc.o)
                0x000000000002d5b8                svcGetProcessList
 .text.svcGetThreadList
                0x000000000002d5cc       0x14 /opt/devkitpro//libnx/lib/libnx.a(svc.o)
                0x000000000002d5cc                svcGetThreadList
 .text.svcGetDebugThreadContext
                0x000000000002d5e0        0x8 /opt/devkitpro//libnx/lib/libnx.a(svc.o)
                0x000000000002d5e0                svcGetDebugThreadContext
 .text.svcSetDebugThreadContext
                0x000000000002d5e8        0x8 /opt/devkitpro//libnx/lib/libnx.a(svc.o)
                0x000000000002d5e8                svcSetDebugThreadContext
 .text.svcQueryDebugProcessMemory
                0x000000000002d5f0       0x14 /opt/devkitpro//libnx/lib/libnx.a(svc.o)
                0x000000000002d5f0                svcQueryDebugProcessMemory
 .text.svcReadDebugProcessMemory
                0x000000000002d604        0x8 /opt/devkitpro//libnx/lib/libnx.a(svc.o)
                0x000000000002d604                svcReadDebugProcessMemory
 .text.svcWriteDebugProcessMemory
                0x000000000002d60c        0x8 /opt/devkitpro//libnx/lib/libnx.a(svc.o)
                0x000000000002d60c                svcWriteDebugProcessMemory
 .text.svcGetDebugThreadParam
                0x000000000002d614       0x18 /opt/devkitpro//libnx/lib/libnx.a(svc.o)
                0x000000000002d614                svcGetDebugThreadParam
 .text.svcGetSystemInfo
                0x000000000002d62c       0x14 /opt/devkitpro//libnx/lib/libnx.a(svc.o)
                0x000000000002d62c                svcGetSystemInfo
 .text.svcCreatePort
                0x000000000002d640       0x18 /opt/devkitpro//libnx/lib/libnx.a(svc.o)
                0x000000000002d640                svcCreatePort
 .text.svcManageNamedPort
                0x000000000002d658       0x14 /opt/devkitpro//libnx/lib/libnx.a(svc.o)
                0x000000000002d658                svcManageNamedPort
 .text.svcConnectToPort
                0x000000000002d66c       0x14 /opt/devkitpro//libnx/lib/libnx.a(svc.o)
                0x000000000002d66c                svcConnectToPort
 .text.svcSetProcessMemoryPermission
                0x000000000002d680        0x8 /opt/devkitpro//libnx/lib/libnx.a(svc.o)
                0x000000000002d680                svcSetProcessMemoryPermission
 .text.svcMapProcessMemory
                0x000000000002d688        0x8 /opt/devkitpro//libnx/lib/libnx.a(svc.o)
                0x000000000002d688                svcMapProcessMemory
 .text.svcUnmapProcessMemory
                0x000000000002d690        0x8 /opt/devkitpro//libnx/lib/libnx.a(svc.o)
                0x000000000002d690                svcUnmapProcessMemory
 .text.svcMapProcessCodeMemory
                0x000000000002d698        0x8 /opt/devkitpro//libnx/lib/libnx.a(svc.o)
                0x000000000002d698                svcMapProcessCodeMemory
 .text.svcUnmapProcessCodeMemory
                0x000000000002d6a0        0x8 /opt/devkitpro//libnx/lib/libnx.a(svc.o)
                0x000000000002d6a0                svcUnmapProcessCodeMemory
 .text.svcCreateProcess
                0x000000000002d6a8       0x14 /opt/devkitpro//libnx/lib/libnx.a(svc.o)
                0x000000000002d6a8                svcCreateProcess
 .text.svcStartProcess
                0x000000000002d6bc        0x8 /opt/devkitpro//libnx/lib/libnx.a(svc.o)
                0x000000000002d6bc                svcStartProcess
 .text.svcTerminateProcess
                0x000000000002d6c4        0x8 /opt/devkitpro//libnx/lib/libnx.a(svc.o)
                0x000000000002d6c4                svcTerminateProcess
 .text.svcGetProcessInfo
                0x000000000002d6cc       0x14 /opt/devkitpro//libnx/lib/libnx.a(svc.o)
                0x000000000002d6cc                svcGetProcessInfo
 .text.svcCreateResourceLimit
                0x000000000002d6e0       0x14 /opt/devkitpro//libnx/lib/libnx.a(svc.o)
                0x000000000002d6e0                svcCreateResourceLimit
 .text.svcSetResourceLimitLimitValue
                0x000000000002d6f4        0x8 /opt/devkitpro//libnx/lib/libnx.a(svc.o)
                0x000000000002d6f4                svcSetResourceLimitLimitValue
 .text.svcCallSecureMonitor
                0x000000000002d6fc       0x34 /opt/devkitpro//libnx/lib/libnx.a(svc.o)
                0x000000000002d6fc                svcCallSecureMonitor
 .text.__libnx_exception_entry
                0x000000000002d730      0x1c0 /opt/devkitpro//libnx/lib/libnx.a(exception.o)
                0x000000000002d730                __libnx_exception_entry
 .text.__libnx_exception_returnentry
                0x000000000002d8f0       0x18 /opt/devkitpro//libnx/lib/libnx.a(exception.o)
                0x000000000002d8f0                __libnx_exception_returnentry
 .text.__aarch64_read_tp
                0x000000000002d908        0xc /opt/devkitpro//libnx/lib/libnx.a(readtp.o)
                0x000000000002d908                __aarch64_read_tp
 *fill*         0x000000000002d914        0xc 
 .text.mutexLock
                0x000000000002d920       0x8c /opt/devkitpro//libnx/lib/libnx.a(mutex.o)
                0x000000000002d920                mutexLock
 *fill*         0x000000000002d9ac        0x4 
 .text.mutexTryLock
                0x000000000002d9b0       0x34 /opt/devkitpro//libnx/lib/libnx.a(mutex.o)
                0x000000000002d9b0                mutexTryLock
 *fill*         0x000000000002d9e4        0xc 
 .text.mutexUnlock
                0x000000000002d9f0       0x30 /opt/devkitpro//libnx/lib/libnx.a(mutex.o)
                0x000000000002d9f0                mutexUnlock
 .text.rmutexLock
                0x000000000002da20       0x4c /opt/devkitpro//libnx/lib/libnx.a(mutex.o)
                0x000000000002da20                rmutexLock
 *fill*         0x000000000002da6c        0x4 
 .text.rmutexTryLock
                0x000000000002da70       0x5c /opt/devkitpro//libnx/lib/libnx.a(mutex.o)
                0x000000000002da70                rmutexTryLock
 *fill*         0x000000000002dacc        0x4 
 .text.rmutexUnlock
                0x000000000002dad0       0x1c /opt/devkitpro//libnx/lib/libnx.a(mutex.o)
                0x000000000002dad0                rmutexUnlock
 *fill*         0x000000000002daec        0x4 
 .text._GetRegionFromInfo.isra.1
                0x000000000002daf0       0x7c /opt/devkitpro//libnx/lib/libnx.a(virtmem.o)
 *fill*         0x000000000002db6c        0x4 
 .text.virtmemSetup
                0x000000000002db70      0x114 /opt/devkitpro//libnx/lib/libnx.a(virtmem.o)
                0x000000000002db70                virtmemSetup
 *fill*         0x000000000002dc84        0xc 
 .text.virtmemReserve
                0x000000000002dc90      0x13c /opt/devkitpro//libnx/lib/libnx.a(virtmem.o)
                0x000000000002dc90                virtmemReserve
 *fill*         0x000000000002ddcc        0x4 
 .text.virtmemFree
                0x000000000002ddd0        0x4 /opt/devkitpro//libnx/lib/libnx.a(virtmem.o)
                0x000000000002ddd0                virtmemFree
 *fill*         0x000000000002ddd4        0xc 
 .text.virtmemReserveStack
                0x000000000002dde0       0xc8 /opt/devkitpro//libnx/lib/libnx.a(virtmem.o)
                0x000000000002dde0                virtmemReserveStack
 *fill*         0x000000000002dea8        0x8 
 .text.virtmemFreeStack
                0x000000000002deb0        0x4 /opt/devkitpro//libnx/lib/libnx.a(virtmem.o)
                0x000000000002deb0                virtmemFreeStack
 *fill*         0x000000000002deb4        0xc 
 .text.ipcParse
                0x000000000002dec0      0x22c /opt/devkitpro//libnx/lib/libnx.a(applet.o)
 *fill*         0x000000000002e0ec        0x4 
 .text.ipcCloseObjectById
                0x000000000002e0f0       0x34 /opt/devkitpro//libnx/lib/libnx.a(applet.o)
 *fill*         0x000000000002e124        0xc 
 .text._appletGetSession
                0x000000000002e130      0x1d8 /opt/devkitpro//libnx/lib/libnx.a(applet.o)
 *fill*         0x000000000002e308        0x8 
 .text._appletReceiveMessage
                0x000000000002e310      0x19c /opt/devkitpro//libnx/lib/libnx.a(applet.o)
 *fill*         0x000000000002e4ac        0x4 
 .text._appletGetPerformanceMode.constprop.35
                0x000000000002e4b0      0x18c /opt/devkitpro//libnx/lib/libnx.a(applet.o)
 *fill*         0x000000000002e63c        0x4 
 .text._appletCmdInU8
                0x000000000002e640      0x17c /opt/devkitpro//libnx/lib/libnx.a(applet.o)
 *fill*         0x000000000002e7bc        0x4 
 .text._appletSetOperationModeChangedNotification.constprop.37
                0x000000000002e7c0      0x164 /opt/devkitpro//libnx/lib/libnx.a(applet.o)
 *fill*         0x000000000002e924        0xc 
 .text._appletSetPerformanceModeChangedNotification.constprop.38
                0x000000000002e930      0x164 /opt/devkitpro//libnx/lib/libnx.a(applet.o)
 *fill*         0x000000000002ea94        0xc 
 .text._appletSetOutOfFocusSuspendingEnabled
                0x000000000002eaa0      0x16c /opt/devkitpro//libnx/lib/libnx.a(applet.o)
 *fill*         0x000000000002ec0c        0x4 
 .text._appletGetHandle.constprop.33
                0x000000000002ec10      0x178 /opt/devkitpro//libnx/lib/libnx.a(applet.o)
 *fill*         0x000000000002ed88        0x8 
 .text._appletGetEvent.constprop.32
                0x000000000002ed90       0x54 /opt/devkitpro//libnx/lib/libnx.a(applet.o)
 *fill*         0x000000000002ede4        0xc 
 .text._appletWaitLibraryAppletLaunchableEvent
                0x000000000002edf0       0x50 /opt/devkitpro//libnx/lib/libnx.a(applet.o)
 .text._appletSetFocusHandlingMode
                0x000000000002ee40      0x17c /opt/devkitpro//libnx/lib/libnx.a(applet.o)
 *fill*         0x000000000002efbc        0x4 
 .text._appletCmdInHandle64
                0x000000000002efc0      0x204 /opt/devkitpro//libnx/lib/libnx.a(applet.o)
 *fill*         0x000000000002f1c4        0xc 
 .text._appletCmdInSession
                0x000000000002f1d0      0x1d8 /opt/devkitpro//libnx/lib/libnx.a(applet.o)
 *fill*         0x000000000002f3a8        0x8 
 .text._appletGetSessionIn64.constprop.30
                0x000000000002f3b0      0x1c4 /opt/devkitpro//libnx/lib/libnx.a(applet.o)
 *fill*         0x000000000002f574        0xc 
 .text._appletStorageGetHandle
                0x000000000002f580      0x19c /opt/devkitpro//libnx/lib/libnx.a(applet.o)
 *fill*         0x000000000002f71c        0x4 
 .text._appletGetSessionProxy.constprop.31
                0x000000000002f720      0x1f0 /opt/devkitpro//libnx/lib/libnx.a(applet.o)
 .text._appletCreateLibraryApplet
                0x000000000002f910      0x1c4 /opt/devkitpro//libnx/lib/libnx.a(applet.o)
 *fill*         0x000000000002fad4        0xc 
 .text._appletCreateTransferMemoryStorage.isra.20
                0x000000000002fae0      0x1e4 /opt/devkitpro//libnx/lib/libnx.a(applet.o)
 *fill*         0x000000000002fcc4        0xc 
 .text._appletStorageAccessorRW
                0x000000000002fcd0      0x3f8 /opt/devkitpro//libnx/lib/libnx.a(applet.o)
 *fill*         0x00000000000300c8        0x8 
 .text.ipcConvertSessionToDomain
                0x00000000000300d0       0xc4 /opt/devkitpro//libnx/lib/libnx.a(applet.o)
 *fill*         0x0000000000030194        0xc 
 .text.ipcQueryPointerBufferSize
                0x00000000000301a0       0xc8 /opt/devkitpro//libnx/lib/libnx.a(applet.o)
 *fill*         0x0000000000030268        0x8 
 .text._appletStorageRW
                0x0000000000030270      0x108 /opt/devkitpro//libnx/lib/libnx.a(applet.o)
 *fill*         0x0000000000030378        0x8 
 .text.ipcCloneSession.constprop.42
                0x0000000000030380      0x10c /opt/devkitpro//libnx/lib/libnx.a(applet.o)
 *fill*         0x000000000003048c        0x4 
 .text._appletCmdNoIO
                0x0000000000030490      0x384 /opt/devkitpro//libnx/lib/libnx.a(applet.o)
 *fill*         0x0000000000030814        0xc 
 .text._appletCmdNoInOut64
                0x0000000000030820      0x394 /opt/devkitpro//libnx/lib/libnx.a(applet.o)
 *fill*         0x0000000000030bb4        0xc 
 .text._appletGetCurrentFocusState.constprop.36
                0x0000000000030bc0      0x3ac /opt/devkitpro//libnx/lib/libnx.a(applet.o)
 *fill*         0x0000000000030f6c        0x4 
 .text._appletGetOperationMode.constprop.34
                0x0000000000030f70      0x3ac /opt/devkitpro//libnx/lib/libnx.a(applet.o)
 *fill*         0x000000000003131c        0x4 
 .text.appletGetAppletType
                0x0000000000031320       0x10 /opt/devkitpro//libnx/lib/libnx.a(applet.o)
                0x0000000000031320                appletGetAppletType
 .text.appletHook
                0x0000000000031330       0x28 /opt/devkitpro//libnx/lib/libnx.a(applet.o)
                0x0000000000031330                appletHook
 *fill*         0x0000000000031358        0x8 
 .text.appletUnhook
                0x0000000000031360       0x34 /opt/devkitpro//libnx/lib/libnx.a(applet.o)
                0x0000000000031360                appletUnhook
 *fill*         0x0000000000031394        0xc 
 .text.appletSetThemeColorType
                0x00000000000313a0        0xc /opt/devkitpro//libnx/lib/libnx.a(applet.o)
                0x00000000000313a0                appletSetThemeColorType
 *fill*         0x00000000000313ac        0x4 
 .text.appletGetThemeColorType
                0x00000000000313b0        0xc /opt/devkitpro//libnx/lib/libnx.a(applet.o)
                0x00000000000313b0                appletGetThemeColorType
 *fill*         0x00000000000313bc        0x4 
 .text.appletSetFocusHandlingMode
                0x00000000000313c0       0xec /opt/devkitpro//libnx/lib/libnx.a(applet.o)
                0x00000000000313c0                appletSetFocusHandlingMode
 *fill*         0x00000000000314ac        0x4 
 .text.appletGetAppletResourceUserId
                0x00000000000314b0       0x28 /opt/devkitpro//libnx/lib/libnx.a(applet.o)
                0x00000000000314b0                appletGetAppletResourceUserId
 *fill*         0x00000000000314d8        0x8 
 .text._appletGetIndirectLayerConsumerHandle
                0x00000000000314e0      0x190 /opt/devkitpro//libnx/lib/libnx.a(applet.o)
 .text._appletHolderCreate
                0x0000000000031670       0xbc /opt/devkitpro//libnx/lib/libnx.a(applet.o)
 *fill*         0x000000000003172c        0x4 
 .text.appletPopLaunchParameter
                0x0000000000031730      0x1d4 /opt/devkitpro//libnx/lib/libnx.a(applet.o)
                0x0000000000031730                appletPopLaunchParameter
 *fill*         0x0000000000031904        0xc 
 .text.appletGetDesiredLanguage
                0x0000000000031910       0x3c /opt/devkitpro//libnx/lib/libnx.a(applet.o)
                0x0000000000031910                appletGetDesiredLanguage
 *fill*         0x000000000003194c        0x4 
 .text.appletSetTerminateResult
                0x0000000000031950      0x19c /opt/devkitpro//libnx/lib/libnx.a(applet.o)
                0x0000000000031950                appletSetTerminateResult
 *fill*         0x0000000000031aec        0x4 
 .text.appletSetMediaPlaybackState
                0x0000000000031af0       0x4c /opt/devkitpro//libnx/lib/libnx.a(applet.o)
                0x0000000000031af0                appletSetMediaPlaybackState
 *fill*         0x0000000000031b3c        0x4 
 .text.appletBeginBlockingHomeButton
                0x0000000000031b40      0x1a8 /opt/devkitpro//libnx/lib/libnx.a(applet.o)
                0x0000000000031b40                appletBeginBlockingHomeButton
 *fill*         0x0000000000031ce8        0x8 
 .text.appletEndBlockingHomeButton
                0x0000000000031cf0       0x38 /opt/devkitpro//libnx/lib/libnx.a(applet.o)
                0x0000000000031cf0                appletEndBlockingHomeButton
 *fill*         0x0000000000031d28        0x8 
 .text.appletNotifyRunning
                0x0000000000031d30      0x1b0 /opt/devkitpro//libnx/lib/libnx.a(applet.o)
                0x0000000000031d30                appletNotifyRunning
 .text.appletIsGamePlayRecordingSupported
                0x0000000000031ee0      0x1a0 /opt/devkitpro//libnx/lib/libnx.a(applet.o)
                0x0000000000031ee0                appletIsGamePlayRecordingSupported
 .text.appletSetGamePlayRecordingState
                0x0000000000032080      0x1a8 /opt/devkitpro//libnx/lib/libnx.a(applet.o)
                0x0000000000032080                appletSetGamePlayRecordingState
 *fill*         0x0000000000032228        0x8 
 .text.appletExit
                0x0000000000032230      0x69c /opt/devkitpro//libnx/lib/libnx.a(applet.o)
                0x0000000000032230                appletExit
 *fill*         0x00000000000328cc        0x4 
 .text.appletInitialize
                0x00000000000328d0      0x4f0 /opt/devkitpro//libnx/lib/libnx.a(applet.o)
                0x00000000000328d0                appletInitialize
 .text._appletExitProcess
                0x0000000000032dc0       0x10 /opt/devkitpro//libnx/lib/libnx.a(applet.o)
 .text.appletInitializeGamePlayRecording
                0x0000000000032dd0      0x10c /opt/devkitpro//libnx/lib/libnx.a(applet.o)
                0x0000000000032dd0                appletInitializeGamePlayRecording
 *fill*         0x0000000000032edc        0x4 
 .text.appletLockExit
                0x0000000000032ee0       0x10 /opt/devkitpro//libnx/lib/libnx.a(applet.o)
                0x0000000000032ee0                appletLockExit
 .text.appletUnlockExit
                0x0000000000032ef0       0x10 /opt/devkitpro//libnx/lib/libnx.a(applet.o)
                0x0000000000032ef0                appletUnlockExit
 .text.appletSetScreenShotPermission
                0x0000000000032f00      0x16c /opt/devkitpro//libnx/lib/libnx.a(applet.o)
                0x0000000000032f00                appletSetScreenShotPermission
 *fill*         0x000000000003306c        0x4 
 .text.appletSetScreenShotImageOrientation
                0x0000000000033070      0x18c /opt/devkitpro//libnx/lib/libnx.a(applet.o)
                0x0000000000033070                appletSetScreenShotImageOrientation
 *fill*         0x00000000000331fc        0x4 
 .text.appletCreateManagedDisplayLayer
                0x0000000000033200       0x14 /opt/devkitpro//libnx/lib/libnx.a(applet.o)
                0x0000000000033200                appletCreateManagedDisplayLayer
 *fill*         0x0000000000033214        0xc 
 .text.appletCreateLibraryApplet
                0x0000000000033220        0x8 /opt/devkitpro//libnx/lib/libnx.a(applet.o)
                0x0000000000033220                appletCreateLibraryApplet
 *fill*         0x0000000000033228        0x8 
 .text.appletCreateLibraryAppletSelf
                0x0000000000033230        0x8 /opt/devkitpro//libnx/lib/libnx.a(applet.o)
                0x0000000000033230                appletCreateLibraryAppletSelf
 *fill*         0x0000000000033238        0x8 
 .text.appletHolderClose
                0x0000000000033240       0x94 /opt/devkitpro//libnx/lib/libnx.a(applet.o)
                0x0000000000033240                appletHolderClose
 *fill*         0x00000000000332d4        0xc 
 .text.appletHolderGetIndirectLayerConsumerHandle
                0x00000000000332e0       0x70 /opt/devkitpro//libnx/lib/libnx.a(applet.o)
                0x00000000000332e0                appletHolderGetIndirectLayerConsumerHandle
 .text.appletHolderStart
                0x0000000000033350       0x50 /opt/devkitpro//libnx/lib/libnx.a(applet.o)
                0x0000000000033350                appletHolderStart
 .text.appletHolderJoin
                0x00000000000333a0       0x84 /opt/devkitpro//libnx/lib/libnx.a(applet.o)
                0x00000000000333a0                appletHolderJoin
 *fill*         0x0000000000033424        0xc 
 .text.appletHolderGetExitReason
                0x0000000000033430        0x8 /opt/devkitpro//libnx/lib/libnx.a(applet.o)
                0x0000000000033430                appletHolderGetExitReason
 *fill*         0x0000000000033438        0x8 
 .text.appletHolderWaitInteractiveOut
                0x0000000000033440       0x88 /opt/devkitpro//libnx/lib/libnx.a(applet.o)
                0x0000000000033440                appletHolderWaitInteractiveOut
 *fill*         0x00000000000334c8        0x8 
 .text.appletHolderPopOutData
                0x00000000000334d0       0x18 /opt/devkitpro//libnx/lib/libnx.a(applet.o)
                0x00000000000334d0                appletHolderPopOutData
 *fill*         0x00000000000334e8        0x8 
 .text.appletHolderPopInteractiveOutData
                0x00000000000334f0       0x18 /opt/devkitpro//libnx/lib/libnx.a(applet.o)
                0x00000000000334f0                appletHolderPopInteractiveOutData
 *fill*         0x0000000000033508        0x8 
 .text.appletCreateStorage
                0x0000000000033510       0x14 /opt/devkitpro//libnx/lib/libnx.a(applet.o)
                0x0000000000033510                appletCreateStorage
 *fill*         0x0000000000033524        0xc 
 .text.appletCreateTransferMemoryStorage
                0x0000000000033530       0xa8 /opt/devkitpro//libnx/lib/libnx.a(applet.o)
                0x0000000000033530                appletCreateTransferMemoryStorage
 *fill*         0x00000000000335d8        0x8 
 .text.appletCreateHandleStorage
                0x00000000000335e0       0x60 /opt/devkitpro//libnx/lib/libnx.a(applet.o)
                0x00000000000335e0                appletCreateHandleStorage
 .text.appletCreateHandleStorageTmem
                0x0000000000033640       0xa0 /opt/devkitpro//libnx/lib/libnx.a(applet.o)
                0x0000000000033640                appletCreateHandleStorageTmem
 .text.appletStorageClose
                0x00000000000336e0       0x6c /opt/devkitpro//libnx/lib/libnx.a(applet.o)
                0x00000000000336e0                appletStorageClose
 *fill*         0x000000000003374c        0x4 
 .text.appletHolderPushExtraStorage
                0x0000000000033750       0x40 /opt/devkitpro//libnx/lib/libnx.a(applet.o)
                0x0000000000033750                appletHolderPushExtraStorage
 .text.appletHolderPushInteractiveInData
                0x0000000000033790       0x40 /opt/devkitpro//libnx/lib/libnx.a(applet.o)
                0x0000000000033790                appletHolderPushInteractiveInData
 .text.appletPushToGeneralChannel
                0x00000000000337d0       0x4c /opt/devkitpro//libnx/lib/libnx.a(applet.o)
                0x00000000000337d0                appletPushToGeneralChannel
 *fill*         0x000000000003381c        0x4 
 .text.appletHolderPushInData
                0x0000000000033820       0x40 /opt/devkitpro//libnx/lib/libnx.a(applet.o)
                0x0000000000033820                appletHolderPushInData
 .text.appletStorageCloseTmem
                0x0000000000033860        0x8 /opt/devkitpro//libnx/lib/libnx.a(applet.o)
                0x0000000000033860                appletStorageCloseTmem
 *fill*         0x0000000000033868        0x8 
 .text.appletStorageGetSize
                0x0000000000033870       0xc4 /opt/devkitpro//libnx/lib/libnx.a(applet.o)
                0x0000000000033870                appletStorageGetSize
 *fill*         0x0000000000033934        0xc 
 .text.appletStorageWrite
                0x0000000000033940        0x8 /opt/devkitpro//libnx/lib/libnx.a(applet.o)
                0x0000000000033940                appletStorageWrite
 *fill*         0x0000000000033948        0x8 
 .text.appletStorageRead
                0x0000000000033950        0x8 /opt/devkitpro//libnx/lib/libnx.a(applet.o)
                0x0000000000033950                appletStorageRead
 *fill*         0x0000000000033958        0x8 
 .text.appletStorageGetHandle
                0x0000000000033960       0xf8 /opt/devkitpro//libnx/lib/libnx.a(applet.o)
                0x0000000000033960                appletStorageGetHandle
 *fill*         0x0000000000033a58        0x8 
 .text.appletStorageMap
                0x0000000000033a60       0xcc /opt/devkitpro//libnx/lib/libnx.a(applet.o)
                0x0000000000033a60                appletStorageMap
 *fill*         0x0000000000033b2c        0x4 
 .text.appletGetOperationMode
                0x0000000000033b30        0xc /opt/devkitpro//libnx/lib/libnx.a(applet.o)
                0x0000000000033b30                appletGetOperationMode
 *fill*         0x0000000000033b3c        0x4 
 .text.appletGetPerformanceMode
                0x0000000000033b40        0xc /opt/devkitpro//libnx/lib/libnx.a(applet.o)
                0x0000000000033b40                appletGetPerformanceMode
 *fill*         0x0000000000033b4c        0x4 
 .text.appletGetFocusState
                0x0000000000033b50        0xc /opt/devkitpro//libnx/lib/libnx.a(applet.o)
                0x0000000000033b50                appletGetFocusState
 *fill*         0x0000000000033b5c        0x4 
 .text.appletMainLoop
                0x0000000000033b60      0x17c /opt/devkitpro//libnx/lib/libnx.a(applet.o)
                0x0000000000033b60                appletMainLoop
 *fill*         0x0000000000033cdc        0x4 
 .text.ipcCloseObjectById
                0x0000000000033ce0       0x34 /opt/devkitpro//libnx/lib/libnx.a(time.o)
 *fill*         0x0000000000033d14        0xc 
 .text._timeGetSession
                0x0000000000033d20      0x12c /opt/devkitpro//libnx/lib/libnx.a(time.o)
 *fill*         0x0000000000033e4c        0x4 
 .text.timeExit
                0x0000000000033e50      0x1ec /opt/devkitpro//libnx/lib/libnx.a(time.o)
                0x0000000000033e50                timeExit
 *fill*         0x000000000003403c        0x4 
 .text.timeInitialize
                0x0000000000034040       0xd8 /opt/devkitpro//libnx/lib/libnx.a(time.o)
                0x0000000000034040                timeInitialize
 *fill*         0x0000000000034118        0x8 
 .text.timeGetSessionService
                0x0000000000034120        0xc /opt/devkitpro//libnx/lib/libnx.a(time.o)
                0x0000000000034120                timeGetSessionService
 *fill*         0x000000000003412c        0x4 
 .text.timeGetCurrentTime
                0x0000000000034130      0x124 /opt/devkitpro//libnx/lib/libnx.a(time.o)
                0x0000000000034130                timeGetCurrentTime
 *fill*         0x0000000000034254        0xc 
 .text.timeSetCurrentTime
                0x0000000000034260      0x104 /opt/devkitpro//libnx/lib/libnx.a(time.o)
                0x0000000000034260                timeSetCurrentTime
 *fill*         0x0000000000034364        0xc 
 .text.timeToCalendarTimeWithMyRule
                0x0000000000034370      0x118 /opt/devkitpro//libnx/lib/libnx.a(time.o)
                0x0000000000034370                timeToCalendarTimeWithMyRule
 *fill*         0x0000000000034488        0x8 
 .text._hidGetDeviceHandles.part.3
                0x0000000000034490       0xe8 /opt/devkitpro//libnx/lib/libnx.a(hid.o)
 *fill*         0x0000000000034578        0x8 
 .text.ipcCloseObjectById
                0x0000000000034580       0x34 /opt/devkitpro//libnx/lib/libnx.a(hid.o)
 *fill*         0x00000000000345b4        0xc 
 .text._hidActivateVibrationDevice
                0x00000000000345c0       0xc8 /opt/devkitpro//libnx/lib/libnx.a(hid.o)
 *fill*         0x0000000000034688        0x8 
 .text._hidGetSharedMemoryHandle.constprop.10
                0x0000000000034690      0x124 /opt/devkitpro//libnx/lib/libnx.a(hid.o)
 *fill*         0x00000000000347b4        0xc 
 .text._hidCreateActiveVibrationDeviceList
                0x00000000000347c0      0x134 /opt/devkitpro//libnx/lib/libnx.a(hid.o)
 *fill*         0x00000000000348f4        0xc 
 .text._hidCreateAppletResource.constprop.9
                0x0000000000034900      0x134 /opt/devkitpro//libnx/lib/libnx.a(hid.o)
 *fill*         0x0000000000034a34        0xc 
 .text._hidCmdWithNoInput
                0x0000000000034a40      0x100 /opt/devkitpro//libnx/lib/libnx.a(hid.o)
 .text._hidCmdWithInputU32
                0x0000000000034b40      0x10c /opt/devkitpro//libnx/lib/libnx.a(hid.o)
 *fill*         0x0000000000034c4c        0x4 
 .text._hidCmdWithInputU64.constprop.11
                0x0000000000034c50      0x108 /opt/devkitpro//libnx/lib/libnx.a(hid.o)
 *fill*         0x0000000000034d58        0x8 
 .text.hidReset
                0x0000000000034d60      0x1d0 /opt/devkitpro//libnx/lib/libnx.a(hid.o)
                0x0000000000034d60                hidReset
 .text.hidGetSessionService
                0x0000000000034f30        0xc /opt/devkitpro//libnx/lib/libnx.a(hid.o)
                0x0000000000034f30                hidGetSessionService
 *fill*         0x0000000000034f3c        0x4 
 .text.hidGetSharedmemAddr
                0x0000000000034f40        0xc /opt/devkitpro//libnx/lib/libnx.a(hid.o)
                0x0000000000034f40                hidGetSharedmemAddr
 *fill*         0x0000000000034f4c        0x4 
 .text.hidSetControllerLayout
                0x0000000000034f50       0x54 /opt/devkitpro//libnx/lib/libnx.a(hid.o)
                0x0000000000034f50                hidSetControllerLayout
 *fill*         0x0000000000034fa4        0xc 
 .text.hidGetControllerLayout
                0x0000000000034fb0       0x50 /opt/devkitpro//libnx/lib/libnx.a(hid.o)
                0x0000000000034fb0                hidGetControllerLayout
 .text.hidGetControllerType
                0x0000000000035000       0x78 /opt/devkitpro//libnx/lib/libnx.a(hid.o)
                0x0000000000035000                hidGetControllerType
 *fill*         0x0000000000035078        0x8 
 .text.hidGetControllerColors
                0x0000000000035080       0xd4 /opt/devkitpro//libnx/lib/libnx.a(hid.o)
                0x0000000000035080                hidGetControllerColors
 *fill*         0x0000000000035154        0xc 
 .text.hidIsControllerConnected
                0x0000000000035160       0x7c /opt/devkitpro//libnx/lib/libnx.a(hid.o)
                0x0000000000035160                hidIsControllerConnected
 *fill*         0x00000000000351dc        0x4 
 .text.hidKeysHeld
                0x00000000000351e0       0x6c /opt/devkitpro//libnx/lib/libnx.a(hid.o)
                0x00000000000351e0                hidKeysHeld
 *fill*         0x000000000003524c        0x4 
 .text.hidKeysDown
                0x0000000000035250       0x6c /opt/devkitpro//libnx/lib/libnx.a(hid.o)
                0x0000000000035250                hidKeysDown
 *fill*         0x00000000000352bc        0x4 
 .text.hidKeysUp
                0x00000000000352c0       0x6c /opt/devkitpro//libnx/lib/libnx.a(hid.o)
                0x00000000000352c0                hidKeysUp
 *fill*         0x000000000003532c        0x4 
 .text.hidMouseButtonsHeld
                0x0000000000035330       0x3c /opt/devkitpro//libnx/lib/libnx.a(hid.o)
                0x0000000000035330                hidMouseButtonsHeld
 *fill*         0x000000000003536c        0x4 
 .text.hidMouseButtonsDown
                0x0000000000035370       0x3c /opt/devkitpro//libnx/lib/libnx.a(hid.o)
                0x0000000000035370                hidMouseButtonsDown
 *fill*         0x00000000000353ac        0x4 
 .text.hidMouseButtonsUp
                0x00000000000353b0       0x3c /opt/devkitpro//libnx/lib/libnx.a(hid.o)
                0x00000000000353b0                hidMouseButtonsUp
 *fill*         0x00000000000353ec        0x4 
 .text.hidMouseRead
                0x00000000000353f0       0x48 /opt/devkitpro//libnx/lib/libnx.a(hid.o)
                0x00000000000353f0                hidMouseRead
 *fill*         0x0000000000035438        0x8 
 .text.hidKeyboardModifierHeld
                0x0000000000035440       0x48 /opt/devkitpro//libnx/lib/libnx.a(hid.o)
                0x0000000000035440                hidKeyboardModifierHeld
 *fill*         0x0000000000035488        0x8 
 .text.hidKeyboardModifierDown
                0x0000000000035490       0x48 /opt/devkitpro//libnx/lib/libnx.a(hid.o)
                0x0000000000035490                hidKeyboardModifierDown
 *fill*         0x00000000000354d8        0x8 
 .text.hidKeyboardModifierUp
                0x00000000000354e0       0x48 /opt/devkitpro//libnx/lib/libnx.a(hid.o)
                0x00000000000354e0                hidKeyboardModifierUp
 *fill*         0x0000000000035528        0x8 
 .text.hidKeyboardHeld
                0x0000000000035530       0x60 /opt/devkitpro//libnx/lib/libnx.a(hid.o)
                0x0000000000035530                hidKeyboardHeld
 .text.hidKeyboardDown
                0x0000000000035590       0x60 /opt/devkitpro//libnx/lib/libnx.a(hid.o)
                0x0000000000035590                hidKeyboardDown
 .text.hidKeyboardUp
                0x00000000000355f0       0x60 /opt/devkitpro//libnx/lib/libnx.a(hid.o)
                0x00000000000355f0                hidKeyboardUp
 .text.hidTouchCount
                0x0000000000035650        0xc /opt/devkitpro//libnx/lib/libnx.a(hid.o)
                0x0000000000035650                hidTouchCount
 *fill*         0x000000000003565c        0x4 
 .text.hidScanInput
                0x0000000000035660      0x560 /opt/devkitpro//libnx/lib/libnx.a(hid.o)
                0x0000000000035660                hidScanInput
 .text.hidTouchRead
                0x0000000000035bc0       0x54 /opt/devkitpro//libnx/lib/libnx.a(hid.o)
                0x0000000000035bc0                hidTouchRead
 *fill*         0x0000000000035c14        0xc 
 .text.hidJoystickRead
                0x0000000000035c20       0xac /opt/devkitpro//libnx/lib/libnx.a(hid.o)
                0x0000000000035c20                hidJoystickRead
 *fill*         0x0000000000035ccc        0x4 
 .text.hidSixAxisSensorValuesRead
                0x0000000000035cd0      0x214 /opt/devkitpro//libnx/lib/libnx.a(hid.o)
                0x0000000000035cd0                hidSixAxisSensorValuesRead
 *fill*         0x0000000000035ee4        0xc 
 .text.hidGetHandheldMode
                0x0000000000035ef0       0x14 /opt/devkitpro//libnx/lib/libnx.a(hid.o)
                0x0000000000035ef0                hidGetHandheldMode
 *fill*         0x0000000000035f04        0xc 
 .text.hidSetSupportedNpadIdType
                0x0000000000035f10      0x198 /opt/devkitpro//libnx/lib/libnx.a(hid.o)
                0x0000000000035f10                hidSetSupportedNpadIdType
 *fill*         0x00000000000360a8        0x8 
 .text.hidSetSupportedNpadStyleSet
                0x00000000000360b0        0xc /opt/devkitpro//libnx/lib/libnx.a(hid.o)
                0x00000000000360b0                hidSetSupportedNpadStyleSet
 *fill*         0x00000000000360bc        0x4 
 .text.hidAcquireNpadStyleSetUpdateEventHandle
                0x00000000000360c0      0x194 /opt/devkitpro//libnx/lib/libnx.a(hid.o)
                0x00000000000360c0                hidAcquireNpadStyleSetUpdateEventHandle
 *fill*         0x0000000000036254        0xc 
 .text.hidSetNpadJoyHoldType
                0x0000000000036260        0x8 /opt/devkitpro//libnx/lib/libnx.a(hid.o)
                0x0000000000036260                hidSetNpadJoyHoldType
 *fill*         0x0000000000036268        0x8 
 .text.hidSetNpadJoyAssignmentModeSingleByDefault
                0x0000000000036270        0xc /opt/devkitpro//libnx/lib/libnx.a(hid.o)
                0x0000000000036270                hidSetNpadJoyAssignmentModeSingleByDefault
 *fill*         0x000000000003627c        0x4 
 .text.hidSetNpadJoyAssignmentModeDual
                0x0000000000036280        0xc /opt/devkitpro//libnx/lib/libnx.a(hid.o)
                0x0000000000036280                hidSetNpadJoyAssignmentModeDual
 *fill*         0x000000000003628c        0x4 
 .text.hidExit  0x0000000000036290      0x12c /opt/devkitpro//libnx/lib/libnx.a(hid.o)
                0x0000000000036290                hidExit
 *fill*         0x00000000000363bc        0x4 
 .text.hidInitialize
                0x00000000000363c0      0x168 /opt/devkitpro//libnx/lib/libnx.a(hid.o)
                0x00000000000363c0                hidInitialize
 *fill*         0x0000000000036528        0x8 
 .text.hidMergeSingleJoyAsDualJoy
                0x0000000000036530      0x110 /opt/devkitpro//libnx/lib/libnx.a(hid.o)
                0x0000000000036530                hidMergeSingleJoyAsDualJoy
 .text.hidGetVibrationDeviceInfo
                0x0000000000036640       0xf8 /opt/devkitpro//libnx/lib/libnx.a(hid.o)
                0x0000000000036640                hidGetVibrationDeviceInfo
 *fill*         0x0000000000036738        0x8 
 .text.hidSendVibrationValue
                0x0000000000036740      0x120 /opt/devkitpro//libnx/lib/libnx.a(hid.o)
                0x0000000000036740                hidSendVibrationValue
 .text.hidGetActualVibrationValue
                0x0000000000036860      0x128 /opt/devkitpro//libnx/lib/libnx.a(hid.o)
                0x0000000000036860                hidGetActualVibrationValue
 *fill*         0x0000000000036988        0x8 
 .text.hidPermitVibration
                0x0000000000036990       0xd0 /opt/devkitpro//libnx/lib/libnx.a(hid.o)
                0x0000000000036990                hidPermitVibration
 .text.hidIsVibrationPermitted
                0x0000000000036a60       0xf4 /opt/devkitpro//libnx/lib/libnx.a(hid.o)
                0x0000000000036a60                hidIsVibrationPermitted
 *fill*         0x0000000000036b54        0xc 
 .text.hidSendVibrationValues
                0x0000000000036b60      0x144 /opt/devkitpro//libnx/lib/libnx.a(hid.o)
                0x0000000000036b60                hidSendVibrationValues
 *fill*         0x0000000000036ca4        0xc 
 .text.hidInitializeVibrationDevices
                0x0000000000036cb0      0x114 /opt/devkitpro//libnx/lib/libnx.a(hid.o)
                0x0000000000036cb0                hidInitializeVibrationDevices
 *fill*         0x0000000000036dc4        0xc 
 .text.hidGetSixAxisSensorHandles
                0x0000000000036dd0       0x2c /opt/devkitpro//libnx/lib/libnx.a(hid.o)
                0x0000000000036dd0                hidGetSixAxisSensorHandles
 *fill*         0x0000000000036dfc        0x4 
 .text.hidStartSixAxisSensor
                0x0000000000036e00       0x84 /opt/devkitpro//libnx/lib/libnx.a(hid.o)
                0x0000000000036e00                hidStartSixAxisSensor
 *fill*         0x0000000000036e84        0xc 
 .text.hidStopSixAxisSensor
                0x0000000000036e90       0x80 /opt/devkitpro//libnx/lib/libnx.a(hid.o)
                0x0000000000036e90                hidStopSixAxisSensor
 .text.ipcPrepareHeader
                0x0000000000036f10      0x220 /opt/devkitpro//libnx/lib/libnx.a(fs.o)
 .text.ipcParse
                0x0000000000037130      0x22c /opt/devkitpro//libnx/lib/libnx.a(fs.o)
 *fill*         0x000000000003735c        0x4 
 .text.serviceIpcParse
                0x0000000000037360       0xb0 /opt/devkitpro//libnx/lib/libnx.a(fs.o)
 .text.fsFsQueryEntry.part.12
                0x0000000000037410      0x1f0 /opt/devkitpro//libnx/lib/libnx.a(fs.o)
 .text.ipcCloseObjectById
                0x0000000000037600       0x34 /opt/devkitpro//libnx/lib/libnx.a(fs.o)
 *fill*         0x0000000000037634        0xc 
 .text._fsDeviceOperatorCheckInserted
                0x0000000000037640      0x104 /opt/devkitpro//libnx/lib/libnx.a(fs.o)
 *fill*         0x0000000000037744        0xc 
 .text.fsInitialize
                0x0000000000037750      0x200 /opt/devkitpro//libnx/lib/libnx.a(fs.o)
                0x0000000000037750                fsInitialize
 .text.fsExit   0x0000000000037950       0x9c /opt/devkitpro//libnx/lib/libnx.a(fs.o)
                0x0000000000037950                fsExit
 *fill*         0x00000000000379ec        0x4 
 .text.fsGetServiceSession
                0x00000000000379f0        0xc /opt/devkitpro//libnx/lib/libnx.a(fs.o)
                0x00000000000379f0                fsGetServiceSession
 *fill*         0x00000000000379fc        0x4 
 .text.fsOpenBisStorage
                0x0000000000037a00      0x128 /opt/devkitpro//libnx/lib/libnx.a(fs.o)
                0x0000000000037a00                fsOpenBisStorage
 *fill*         0x0000000000037b28        0x8 
 .text.fsOpenBisFileSystem
                0x0000000000037b30      0x170 /opt/devkitpro//libnx/lib/libnx.a(fs.o)
                0x0000000000037b30                fsOpenBisFileSystem
 .text.fsMountSdcard
                0x0000000000037ca0      0x13c /opt/devkitpro//libnx/lib/libnx.a(fs.o)
                0x0000000000037ca0                fsMountSdcard
 *fill*         0x0000000000037ddc        0x4 
 .text.fsMountSaveData
                0x0000000000037de0      0x158 /opt/devkitpro//libnx/lib/libnx.a(fs.o)
                0x0000000000037de0                fsMountSaveData
 *fill*         0x0000000000037f38        0x8 
 .text.fsMountSystemSaveData
                0x0000000000037f40      0x158 /opt/devkitpro//libnx/lib/libnx.a(fs.o)
                0x0000000000037f40                fsMountSystemSaveData
 *fill*         0x0000000000038098        0x8 
 .text.fsOpenSaveDataIterator
                0x00000000000380a0      0x26c /opt/devkitpro//libnx/lib/libnx.a(fs.o)
                0x00000000000380a0                fsOpenSaveDataIterator
 *fill*         0x000000000003830c        0x4 
 .text.fsOpenDataStorageByCurrentProcess
                0x0000000000038310      0x13c /opt/devkitpro//libnx/lib/libnx.a(fs.o)
                0x0000000000038310                fsOpenDataStorageByCurrentProcess
 *fill*         0x000000000003844c        0x4 
 .text.fsOpenDeviceOperator
                0x0000000000038450      0x1cc /opt/devkitpro//libnx/lib/libnx.a(fs.o)
                0x0000000000038450                fsOpenDeviceOperator
 *fill*         0x000000000003861c        0x4 
 .text.fsOpenSdCardDetectionEventNotifier
                0x0000000000038620      0x1cc /opt/devkitpro//libnx/lib/libnx.a(fs.o)
                0x0000000000038620                fsOpenSdCardDetectionEventNotifier
 *fill*         0x00000000000387ec        0x4 
 .text.fsIsExFatSupported
                0x00000000000387f0      0x10c /opt/devkitpro//libnx/lib/libnx.a(fs.o)
                0x00000000000387f0                fsIsExFatSupported
 *fill*         0x00000000000388fc        0x4 
 .text.fsMount_SaveData
                0x0000000000038900       0x3c /opt/devkitpro//libnx/lib/libnx.a(fs.o)
                0x0000000000038900                fsMount_SaveData
 *fill*         0x000000000003893c        0x4 
 .text.fsMount_SystemSaveData
                0x0000000000038940       0x30 /opt/devkitpro//libnx/lib/libnx.a(fs.o)
                0x0000000000038940                fsMount_SystemSaveData
 .text.fsOpenFileSystemWithId
                0x0000000000038970      0x248 /opt/devkitpro//libnx/lib/libnx.a(fs.o)
                0x0000000000038970                fsOpenFileSystemWithId
 *fill*         0x0000000000038bb8        0x8 
 .text.fsOpenFileSystem
                0x0000000000038bc0       0x10 /opt/devkitpro//libnx/lib/libnx.a(fs.o)
                0x0000000000038bc0                fsOpenFileSystem
 .text.fsFsCreateFile
                0x0000000000038bd0      0x120 /opt/devkitpro//libnx/lib/libnx.a(fs.o)
                0x0000000000038bd0                fsFsCreateFile
 .text.fsFsDeleteFile
                0x0000000000038cf0      0x118 /opt/devkitpro//libnx/lib/libnx.a(fs.o)
                0x0000000000038cf0                fsFsDeleteFile
 *fill*         0x0000000000038e08        0x8 
 .text.fsFsCreateDirectory
                0x0000000000038e10      0x118 /opt/devkitpro//libnx/lib/libnx.a(fs.o)
                0x0000000000038e10                fsFsCreateDirectory
 *fill*         0x0000000000038f28        0x8 
 .text.fsFsDeleteDirectory
                0x0000000000038f30      0x118 /opt/devkitpro//libnx/lib/libnx.a(fs.o)
                0x0000000000038f30                fsFsDeleteDirectory
 *fill*         0x0000000000039048        0x8 
 .text.fsFsDeleteDirectoryRecursively
                0x0000000000039050      0x118 /opt/devkitpro//libnx/lib/libnx.a(fs.o)
                0x0000000000039050                fsFsDeleteDirectoryRecursively
 *fill*         0x0000000000039168        0x8 
 .text.fsFsRenameFile
                0x0000000000039170      0x190 /opt/devkitpro//libnx/lib/libnx.a(fs.o)
                0x0000000000039170                fsFsRenameFile
 .text.fsFsRenameDirectory